<html>
<body>
<pre>
<h1>µVision Build Log</h1>
<h2>Tool Versions:</h2>
IDE-Version: µVision V5.41.0.0
Copyright (C) 2024 ARM Ltd and ARM Germany GmbH. All rights reserved.
License Information: emmanuel ezeuko, UVA, LIC=----
 
Tool Versions:
Toolchain:       MDK-Lite  Version: 5.41.0.0
Toolchain Path:  C:\arm\ARM\ARMCompiler_5.06u7\Bin
C Compiler:      Armcc.exe V5.06 update 7 (build 960)
Assembler:       Armasm.exe V5.06 update 7 (build 960)
Linker/Locator:  ArmLink.exe V5.06 update 7 (build 960)
Library Manager: ArmAr.exe V5.06 update 7 (build 960)
Hex Converter:   FromElf.exe V5.06 update 7 (build 960)
CPU DLL:         SARMCM3.DLL V5.41.0.0
Dialog DLL:      DCM.DLL V1.17.5.0
Target DLL:      lmidk-agdi.dll V???
Dialog DLL:      TCM.DLL V1.56.4.0
 
<h2>Project:</h2>
C:\Users\Hp foilo 9480m\Desktop\assignments\advanced_embedded_coputing\mini-project-1-clique2015\p3.uvproj
Project File Date:  04/26/2025

<h2>Output:</h2>
*** Using Compiler 'V5.06 update 7 (build 960)', folder: 'C:\arm\ARM\ARMCompiler_5.06u7\Bin'
Rebuild target 'Target_1'
compiling FIFO.c...
FIFO.c(75): warning:  #1-D: last line of file ends without a newline
  }
FIFO.c: 1 warning, 0 errors
compiling joystick.c...
compiling Main.c...
os.h(106): warning:  #1295-D: Deprecated declaration flush - give arg types
  void flush();
bitmaps.h(46): warning:  #1-D: last line of file ends without a newline
  };
Main.c(73): warning:  #177-D: variable "deltaX"  was declared but never referenced
  	int16_t deltaX = 0;
Main.c(74): warning:  #177-D: variable "deltaY"  was declared but never referenced
  	int16_t deltaY = 0;
Main.c: 4 warnings, 0 errors
compiling LCD.c...
compiling os.c...
os.h(106): warning:  #1295-D: Deprecated declaration flush - give arg types
  void flush();
os.c(453): warning:  #177-D: variable "max"  was declared but never referenced
    int max = 0;
os.c: 2 warnings, 0 errors
compiling PLL.c...
compiling PORTE.c...
assembling startup.s...
assembling osasm.s...
compiling UART_FIFO.c...
os.h(106): warning:  #1295-D: Deprecated declaration flush - give arg types
  void flush();
UART_FIFO.c: 1 warning, 0 errors
compiling UART.c...
compiling sound.c...
os.h(106): warning:  #1295-D: Deprecated declaration flush - give arg types
  void flush();
sound.c: 1 warning, 0 errors
linking...
Program Size: Code=12100 RO-data=1464 RW-data=260 ZI-data=13268  
".\Objects\p3.axf" - 0 Error(s), 9 Warning(s).
Build Time Elapsed:  00:00:04
</pre>
</body>
</html>
