Component: ARM Compiler 5.06 update 7 (build 960) Tool: armlink [4d3601]

==============================================================================

Section Cross References

    fifo.o(i.RxFifo_Get) refers to fifo.o(.data) for RxPutPt
    fifo.o(i.RxFifo_Get) refers to fifo.o(.bss) for RxFifo
    fifo.o(i.RxFifo_Init) refers to startup.o(.text) for StartCritical
    fifo.o(i.RxFifo_Init) refers to fifo.o(.bss) for RxFifo
    fifo.o(i.RxFifo_Init) refers to fifo.o(.data) for RxGetPt
    fifo.o(i.RxFifo_Put) refers to fifo.o(.data) for RxPutPt
    fifo.o(i.RxFifo_Put) refers to fifo.o(.bss) for RxFifo
    fifo.o(i.RxFifo_Size) refers to fifo.o(.data) for RxPutPt
    joystick.o(i.BSP_Joystick_Init) refers to joystick.o(i.adcinit) for adcinit
    lcd.o(i.BSP_Delay1ms) refers to lcd.o(.emb_text) for parrotdelay
    lcd.o(i.BSP_LCD_DrawBitmap) refers to lcd.o(i.setAddrWindow) for setAddrWindow
    lcd.o(i.BSP_LCD_DrawBitmap) refers to lcd.o(i.writedata) for writedata
    lcd.o(i.BSP_LCD_DrawBitmap) refers to lcd.o(.data) for _width
    lcd.o(i.BSP_LCD_DrawChar) refers to lcd.o(i.setAddrWindow) for setAddrWindow
    lcd.o(i.BSP_LCD_DrawChar) refers to lcd.o(i.pushColor) for pushColor
    lcd.o(i.BSP_LCD_DrawChar) refers to lcd.o(.data) for _width
    lcd.o(i.BSP_LCD_DrawChar) refers to lcd.o(.constdata) for Font
    lcd.o(i.BSP_LCD_DrawCharS) refers to lcd.o(i.BSP_LCD_DrawPixel) for BSP_LCD_DrawPixel
    lcd.o(i.BSP_LCD_DrawCharS) refers to lcd.o(i.BSP_LCD_FillRect) for BSP_LCD_FillRect
    lcd.o(i.BSP_LCD_DrawCharS) refers to lcd.o(.data) for _width
    lcd.o(i.BSP_LCD_DrawCharS) refers to lcd.o(.constdata) for Font
    lcd.o(i.BSP_LCD_DrawCrosshair) refers to lcd.o(i.BSP_LCD_DrawFastVLine) for BSP_LCD_DrawFastVLine
    lcd.o(i.BSP_LCD_DrawCrosshair) refers to lcd.o(i.BSP_LCD_DrawFastHLine) for BSP_LCD_DrawFastHLine
    lcd.o(i.BSP_LCD_DrawFastHLine) refers to lcd.o(i.setAddrWindow) for setAddrWindow
    lcd.o(i.BSP_LCD_DrawFastHLine) refers to lcd.o(i.writedata) for writedata
    lcd.o(i.BSP_LCD_DrawFastHLine) refers to lcd.o(.data) for _width
    lcd.o(i.BSP_LCD_DrawFastVLine) refers to lcd.o(i.setAddrWindow) for setAddrWindow
    lcd.o(i.BSP_LCD_DrawFastVLine) refers to lcd.o(i.writedata) for writedata
    lcd.o(i.BSP_LCD_DrawFastVLine) refers to lcd.o(.data) for _width
    lcd.o(i.BSP_LCD_DrawPixel) refers to lcd.o(i.setAddrWindow) for setAddrWindow
    lcd.o(i.BSP_LCD_DrawPixel) refers to lcd.o(i.pushColor) for pushColor
    lcd.o(i.BSP_LCD_DrawPixel) refers to lcd.o(.data) for _width
    lcd.o(i.BSP_LCD_DrawString) refers to lcd.o(i.BSP_LCD_DrawChar) for BSP_LCD_DrawChar
    lcd.o(i.BSP_LCD_Drawaxes) refers to lcd.o(i.BSP_LCD_FillRect) for BSP_LCD_FillRect
    lcd.o(i.BSP_LCD_Drawaxes) refers to lcd.o(i.BSP_LCD_DrawFastHLine) for BSP_LCD_DrawFastHLine
    lcd.o(i.BSP_LCD_Drawaxes) refers to lcd.o(i.BSP_LCD_DrawFastVLine) for BSP_LCD_DrawFastVLine
    lcd.o(i.BSP_LCD_Drawaxes) refers to lcd.o(i.BSP_LCD_DrawPixel) for BSP_LCD_DrawPixel
    lcd.o(i.BSP_LCD_Drawaxes) refers to lcd.o(i.BSP_LCD_DrawChar) for BSP_LCD_DrawChar
    lcd.o(i.BSP_LCD_Drawaxes) refers to lcd.o(.data) for Ymax
    lcd.o(i.BSP_LCD_FillRect) refers to lcd.o(i.setAddrWindow) for setAddrWindow
    lcd.o(i.BSP_LCD_FillRect) refers to lcd.o(i.writedata) for writedata
    lcd.o(i.BSP_LCD_FillRect) refers to lcd.o(.data) for _width
    lcd.o(i.BSP_LCD_FillScreen) refers to lcd.o(i.BSP_LCD_FillRect) for BSP_LCD_FillRect
    lcd.o(i.BSP_LCD_FillScreen) refers to lcd.o(.data) for _height
    lcd.o(i.BSP_LCD_Init) refers to lcd.o(i.ST7735_InitR) for ST7735_InitR
    lcd.o(i.BSP_LCD_Message) refers to lcd.o(i.BSP_LCD_SetCursor) for BSP_LCD_SetCursor
    lcd.o(i.BSP_LCD_Message) refers to lcd.o(i.BSP_LCD_OutUDec4) for BSP_LCD_OutUDec4
    lcd.o(i.BSP_LCD_Message) refers to lcd.o(i.BSP_LCD_DrawString) for BSP_LCD_DrawString
    lcd.o(i.BSP_LCD_Message) refers to lcd.o(.data) for StY
    lcd.o(i.BSP_LCD_OutUDec) refers to lcd.o(i.fillmessage) for fillmessage
    lcd.o(i.BSP_LCD_OutUDec) refers to lcd.o(i.BSP_LCD_DrawString) for BSP_LCD_DrawString
    lcd.o(i.BSP_LCD_OutUDec) refers to lcd.o(i.BSP_LCD_DrawChar) for BSP_LCD_DrawChar
    lcd.o(i.BSP_LCD_OutUDec) refers to lcd.o(.data) for StTextColor
    lcd.o(i.BSP_LCD_OutUDec) refers to lcd.o(.bss) for Message
    lcd.o(i.BSP_LCD_OutUDec4) refers to lcd.o(i.fillmessage4) for fillmessage4
    lcd.o(i.BSP_LCD_OutUDec4) refers to lcd.o(i.BSP_LCD_DrawString) for BSP_LCD_DrawString
    lcd.o(i.BSP_LCD_OutUDec4) refers to lcd.o(i.BSP_LCD_DrawChar) for BSP_LCD_DrawChar
    lcd.o(i.BSP_LCD_OutUDec4) refers to lcd.o(.data) for Messageindex
    lcd.o(i.BSP_LCD_OutUDec4) refers to lcd.o(.bss) for Message
    lcd.o(i.BSP_LCD_OutUDec5) refers to lcd.o(i.fillmessage5) for fillmessage5
    lcd.o(i.BSP_LCD_OutUDec5) refers to lcd.o(i.BSP_LCD_DrawString) for BSP_LCD_DrawString
    lcd.o(i.BSP_LCD_OutUDec5) refers to lcd.o(i.BSP_LCD_DrawChar) for BSP_LCD_DrawChar
[...]
    printfb.o(i.__0vfprintf$bare) refers to fputc.o(i.fputc) for fputc
    printfb.o(i.__0vprintf$bare) refers to printfb.o(i._printf_core) for _printf_core
    printfb.o(i.__0vprintf$bare) refers to fputc.o(i.fputc) for fputc
    printfb.o(i.__0vprintf$bare) refers to stdout.o(.data) for __stdout
    printfb.o(i.__0vsnprintf$bare) refers to printfb.o(i._printf_core) for _printf_core
    printfb.o(i.__0vsnprintf$bare) refers to printfb.o(i._snputc) for _snputc
    printfb.o(i.__0vsprintf$bare) refers to printfb.o(i._printf_core) for _printf_core
    printfb.o(i.__0vsprintf$bare) refers to printfb.o(i._sputc) for _sputc
    printf0.o(i.__0fprintf$0) refers to printf0.o(i._printf_core) for _printf_core
    printf0.o(i.__0fprintf$0) refers to fputc.o(i.fputc) for fputc
    printf0.o(i.__0printf$0) refers to printf0.o(i._printf_core) for _printf_core
    printf0.o(i.__0printf$0) refers to fputc.o(i.fputc) for fputc
    printf0.o(i.__0printf$0) refers to stdout.o(.data) for __stdout
    printf0.o(i.__0snprintf$0) refers to printf0.o(i._printf_core) for _printf_core
    printf0.o(i.__0snprintf$0) refers to printf0.o(i._snputc) for _snputc
    printf0.o(i.__0sprintf$0) refers to printf0.o(i._printf_core) for _printf_core
    printf0.o(i.__0sprintf$0) refers to printf0.o(i._sputc) for _sputc
    printf0.o(i.__0vfprintf$0) refers to printf0.o(i._printf_core) for _printf_core
    printf0.o(i.__0vfprintf$0) refers to fputc.o(i.fputc) for fputc
    printf0.o(i.__0vprintf$0) refers to printf0.o(i._printf_core) for _printf_core
    printf0.o(i.__0vprintf$0) refers to fputc.o(i.fputc) for fputc
    printf0.o(i.__0vprintf$0) refers to stdout.o(.data) for __stdout
    printf0.o(i.__0vsnprintf$0) refers to printf0.o(i._printf_core) for _printf_core
    printf0.o(i.__0vsnprintf$0) refers to printf0.o(i._snputc) for _snputc
    printf0.o(i.__0vsprintf$0) refers to printf0.o(i._printf_core) for _printf_core
    printf0.o(i.__0vsprintf$0) refers to printf0.o(i._sputc) for _sputc
    printf1.o(i.__0fprintf$1) refers to printf1.o(i._printf_core) for _printf_core
    printf1.o(i.__0fprintf$1) refers to fputc.o(i.fputc) for fputc
    printf1.o(i.__0printf$1) refers to printf1.o(i._printf_core) for _printf_core
    printf1.o(i.__0printf$1) refers to fputc.o(i.fputc) for fputc
    printf1.o(i.__0printf$1) refers to stdout.o(.data) for __stdout
    printf1.o(i.__0snprintf$1) refers to printf1.o(i._printf_core) for _printf_core
    printf1.o(i.__0snprintf$1) refers to printf1.o(i._snputc) for _snputc
    printf1.o(i.__0sprintf$1) refers to printf1.o(i._printf_core) for _printf_core
    printf1.o(i.__0sprintf$1) refers to printf1.o(i._sputc) for _sputc
    printf1.o(i.__0vfprintf$1) refers to printf1.o(i._printf_core) for _printf_core
    printf1.o(i.__0vfprintf$1) refers to fputc.o(i.fputc) for fputc
    printf1.o(i.__0vprintf$1) refers to printf1.o(i._printf_core) for _printf_core
    printf1.o(i.__0vprintf$1) refers to fputc.o(i.fputc) for fputc
    printf1.o(i.__0vprintf$1) refers to stdout.o(.data) for __stdout
    printf1.o(i.__0vsnprintf$1) refers to printf1.o(i._printf_core) for _printf_core
    printf1.o(i.__0vsnprintf$1) refers to printf1.o(i._snputc) for _snputc
    printf1.o(i.__0vsprintf$1) refers to printf1.o(i._printf_core) for _printf_core
    printf1.o(i.__0vsprintf$1) refers to printf1.o(i._sputc) for _sputc
    printf1.o(i._printf_core) refers to uidiv.o(.text) for __aeabi_uidivmod
    printf2.o(i.__0fprintf$2) refers to printf2.o(i._printf_core) for _printf_core
    printf2.o(i.__0fprintf$2) refers to fputc.o(i.fputc) for fputc
    printf2.o(i.__0printf$2) refers to printf2.o(i._printf_core) for _printf_core
    printf2.o(i.__0printf$2) refers to fputc.o(i.fputc) for fputc
    printf2.o(i.__0printf$2) refers to stdout.o(.data) for __stdout
    printf2.o(i.__0snprintf$2) refers to printf2.o(i._printf_core) for _printf_core
    printf2.o(i.__0snprintf$2) refers to printf2.o(i._snputc) for _snputc
    printf2.o(i.__0sprintf$2) refers to printf2.o(i._printf_core) for _printf_core
    printf2.o(i.__0sprintf$2) refers to printf2.o(i._sputc) for _sputc
    printf2.o(i.__0vfprintf$2) refers to printf2.o(i._printf_core) for _printf_core
    printf2.o(i.__0vfprintf$2) refers to fputc.o(i.fputc) for fputc
    printf2.o(i.__0vprintf$2) refers to printf2.o(i._printf_core) for _printf_core
    printf2.o(i.__0vprintf$2) refers to fputc.o(i.fputc) for fputc
    printf2.o(i.__0vprintf$2) refers to stdout.o(.data) for __stdout
    printf2.o(i.__0vsnprintf$2) refers to printf2.o(i._printf_core) for _printf_core
    printf2.o(i.__0vsnprintf$2) refers to printf2.o(i._snputc) for _snputc
    printf2.o(i.__0vsprintf$2) refers to printf2.o(i._printf_core) for _printf_core
    printf2.o(i.__0vsprintf$2) refers to printf2.o(i._sputc) for _sputc
    printf3.o(i.__0fprintf$3) refers to printf3.o(i._printf_core) for _printf_core
    printf3.o(i.__0fprintf$3) refers to fputc.o(i.fputc) for fputc
    printf3.o(i.__0printf$3) refers to printf3.o(i._printf_core) for _printf_core
    printf3.o(i.__0printf$3) refers to fputc.o(i.fputc) for fputc
    printf3.o(i.__0printf$3) refers to stdout.o(.data) for __stdout
    printf3.o(i.__0snprintf$3) refers to printf3.o(i._printf_core) for _printf_core
    printf3.o(i.__0snprintf$3) refers to printf3.o(i._snputc) for _snputc
    printf3.o(i.__0sprintf$3) refers to printf3.o(i._printf_core) for _printf_core
    printf3.o(i.__0sprintf$3) refers to printf3.o(i._sputc) for _sputc
    printf3.o(i.__0vfprintf$3) refers to printf3.o(i._printf_core) for _printf_core
    printf3.o(i.__0vfprintf$3) refers to fputc.o(i.fputc) for fputc
    printf3.o(i.__0vprintf$3) refers to printf3.o(i._printf_core) for _printf_core
    printf3.o(i.__0vprintf$3) refers to fputc.o(i.fputc) for fputc
    printf3.o(i.__0vprintf$3) refers to stdout.o(.data) for __stdout
    printf3.o(i.__0vsnprintf$3) refers to printf3.o(i._printf_core) for _printf_core
    printf3.o(i.__0vsnprintf$3) refers to printf3.o(i._snputc) for _snputc
    printf3.o(i.__0vsprintf$3) refers to printf3.o(i._printf_core) for _printf_core
    printf3.o(i.__0vsprintf$3) refers to printf3.o(i._sputc) for _sputc
    printf3.o(i._printf_core) refers to uidiv.o(.text) for __aeabi_uidivmod
    printf4.o(i.__0fprintf$4) refers to printf4.o(i._printf_core) for _printf_core
    printf4.o(i.__0fprintf$4) refers to fputc.o(i.fputc) for fputc
    printf4.o(i.__0printf$4) refers to printf4.o(i._printf_core) for _printf_core
    printf4.o(i.__0printf$4) refers to fputc.o(i.fputc) for fputc
    printf4.o(i.__0printf$4) refers to stdout.o(.data) for __stdout
    printf4.o(i.__0snprintf$4) refers to printf4.o(i._printf_core) for _printf_core
    printf4.o(i.__0snprintf$4) refers to printf4.o(i._snputc) for _snputc
    printf4.o(i.__0sprintf$4) refers to printf4.o(i._printf_core) for _printf_core
    printf4.o(i.__0sprintf$4) refers to printf4.o(i._sputc) for _sputc
    printf4.o(i.__0vfprintf$4) refers to printf4.o(i._printf_core) for _printf_core
    printf4.o(i.__0vfprintf$4) refers to fputc.o(i.fputc) for fputc
    printf4.o(i.__0vprintf$4) refers to printf4.o(i._printf_core) for _printf_core
    printf4.o(i.__0vprintf$4) refers to fputc.o(i.fputc) for fputc
    printf4.o(i.__0vprintf$4) refers to stdout.o(.data) for __stdout
    printf4.o(i.__0vsnprintf$4) refers to printf4.o(i._printf_core) for _printf_core
    printf4.o(i.__0vsnprintf$4) refers to printf4.o(i._snputc) for _snputc
    printf4.o(i.__0vsprintf$4) refers to printf4.o(i._printf_core) for _printf_core
    printf4.o(i.__0vsprintf$4) refers to printf4.o(i._sputc) for _sputc
    printf4.o(i._printf_core) refers to uldiv.o(.text) for __aeabi_uldivmod
    printf5.o(i.__0fprintf$5) refers to printf5.o(i._printf_core) for _printf_core
    printf5.o(i.__0fprintf$5) refers to fputc.o(i.fputc) for fputc
    printf5.o(i.__0printf$5) refers to printf5.o(i._printf_core) for _printf_core
    printf5.o(i.__0printf$5) refers to fputc.o(i.fputc) for fputc
    printf5.o(i.__0printf$5) refers to stdout.o(.data) for __stdout
    printf5.o(i.__0snprintf$5) refers to printf5.o(i._printf_core) for _printf_core
    printf5.o(i.__0snprintf$5) refers to printf5.o(i._snputc) for _snputc
    printf5.o(i.__0sprintf$5) refers to printf5.o(i._printf_core) for _printf_core
    printf5.o(i.__0sprintf$5) refers to printf5.o(i._sputc) for _sputc
    printf5.o(i.__0vfprintf$5) refers to printf5.o(i._printf_core) for _printf_core
    printf5.o(i.__0vfprintf$5) refers to fputc.o(i.fputc) for fputc
    printf5.o(i.__0vprintf$5) refers to printf5.o(i._printf_core) for _printf_core
    printf5.o(i.__0vprintf$5) refers to fputc.o(i.fputc) for fputc
    printf5.o(i.__0vprintf$5) refers to stdout.o(.data) for __stdout
    printf5.o(i.__0vsnprintf$5) refers to printf5.o(i._printf_core) for _printf_core
    printf5.o(i.__0vsnprintf$5) refers to printf5.o(i._snputc) for _snputc
    printf5.o(i.__0vsprintf$5) refers to printf5.o(i._printf_core) for _printf_core
    printf5.o(i.__0vsprintf$5) refers to printf5.o(i._sputc) for _sputc
    printf5.o(i._printf_core) refers to uldiv.o(.text) for __aeabi_uldivmod
    printf6.o(i.__0fprintf$6) refers to printf6.o(i._printf_core) for _printf_core
    printf6.o(i.__0fprintf$6) refers to fputc.o(i.fputc) for fputc
    printf6.o(i.__0printf$6) refers to printf6.o(i._printf_core) for _printf_core
    printf6.o(i.__0printf$6) refers to fputc.o(i.fputc) for fputc
    printf6.o(i.__0printf$6) refers to stdout.o(.data) for __stdout
    printf6.o(i.__0snprintf$6) refers to printf6.o(i._printf_core) for _printf_core
    printf6.o(i.__0snprintf$6) refers to printf6.o(i._snputc) for _snputc
    printf6.o(i.__0sprintf$6) refers to printf6.o(i._printf_core) for _printf_core
    printf6.o(i.__0sprintf$6) refers to printf6.o(i._sputc) for _sputc
    printf6.o(i.__0vfprintf$6) refers to printf6.o(i._printf_core) for _printf_core
    printf6.o(i.__0vfprintf$6) refers to fputc.o(i.fputc) for fputc
    printf6.o(i.__0vprintf$6) refers to printf6.o(i._printf_core) for _printf_core
    printf6.o(i.__0vprintf$6) refers to fputc.o(i.fputc) for fputc
    printf6.o(i.__0vprintf$6) refers to stdout.o(.data) for __stdout
    printf6.o(i.__0vsnprintf$6) refers to printf6.o(i._printf_core) for _printf_core
    printf6.o(i.__0vsnprintf$6) refers to printf6.o(i._snputc) for _snputc
    printf6.o(i.__0vsprintf$6) refers to printf6.o(i._printf_core) for _printf_core
    printf6.o(i.__0vsprintf$6) refers to printf6.o(i._sputc) for _sputc
    printf6.o(i._printf_core) refers to printf6.o(i._printf_pre_padding) for _printf_pre_padding
    printf6.o(i._printf_core) refers to uidiv.o(.text) for __aeabi_uidivmod
    printf6.o(i._printf_core) refers to printf6.o(i._printf_post_padding) for _printf_post_padding
    printf7.o(i.__0fprintf$7) refers to printf7.o(i._printf_core) for _printf_core
    printf7.o(i.__0fprintf$7) refers to fputc.o(i.fputc) for fputc
    printf7.o(i.__0printf$7) refers to printf7.o(i._printf_core) for _printf_core
    printf7.o(i.__0printf$7) refers to fputc.o(i.fputc) for fputc
    printf7.o(i.__0printf$7) refers to stdout.o(.data) for __stdout
    printf7.o(i.__0snprintf$7) refers to printf7.o(i._printf_core) for _printf_core
    printf7.o(i.__0snprintf$7) refers to printf7.o(i._snputc) for _snputc
    printf7.o(i.__0sprintf$7) refers to printf7.o(i._printf_core) for _printf_core
    printf7.o(i.__0sprintf$7) refers to printf7.o(i._sputc) for _sputc
    printf7.o(i.__0vfprintf$7) refers to printf7.o(i._printf_core) for _printf_core
    printf7.o(i.__0vfprintf$7) refers to fputc.o(i.fputc) for fputc
    printf7.o(i.__0vprintf$7) refers to printf7.o(i._printf_core) for _printf_core
    printf7.o(i.__0vprintf$7) refers to fputc.o(i.fputc) for fputc
    printf7.o(i.__0vprintf$7) refers to stdout.o(.data) for __stdout
    printf7.o(i.__0vsnprintf$7) refers to printf7.o(i._printf_core) for _printf_core
    printf7.o(i.__0vsnprintf$7) refers to printf7.o(i._snputc) for _snputc
    printf7.o(i.__0vsprintf$7) refers to printf7.o(i._printf_core) for _printf_core
    printf7.o(i.__0vsprintf$7) refers to printf7.o(i._sputc) for _sputc
    printf7.o(i._printf_core) refers to printf7.o(i._printf_pre_padding) for _printf_pre_padding
    printf7.o(i._printf_core) refers to uldiv.o(.text) for __aeabi_uldivmod
    printf7.o(i._printf_core) refers to printf7.o(i._printf_post_padding) for _printf_post_padding
    printf8.o(i.__0fprintf$8) refers to printf8.o(i._printf_core) for _printf_core
    printf8.o(i.__0fprintf$8) refers to fputc.o(i.fputc) for fputc
    printf8.o(i.__0printf$8) refers to printf8.o(i._printf_core) for _printf_core
    printf8.o(i.__0printf$8) refers to fputc.o(i.fputc) for fputc
    printf8.o(i.__0printf$8) refers to stdout.o(.data) for __stdout
    printf8.o(i.__0snprintf$8) refers to printf8.o(i._printf_core) for _printf_core
    printf8.o(i.__0snprintf$8) refers to printf8.o(i._snputc) for _snputc
    printf8.o(i.__0sprintf$8) refers to printf8.o(i._printf_core) for _printf_core
    printf8.o(i.__0sprintf$8) refers to printf8.o(i._sputc) for _sputc
    printf8.o(i.__0vfprintf$8) refers to printf8.o(i._printf_core) for _printf_core
    printf8.o(i.__0vfprintf$8) refers to fputc.o(i.fputc) for fputc
    printf8.o(i.__0vprintf$8) refers to printf8.o(i._printf_core) for _printf_core
    printf8.o(i.__0vprintf$8) refers to fputc.o(i.fputc) for fputc
    printf8.o(i.__0vprintf$8) refers to stdout.o(.data) for __stdout
    printf8.o(i.__0vsnprintf$8) refers to printf8.o(i._printf_core) for _printf_core
    printf8.o(i.__0vsnprintf$8) refers to printf8.o(i._snputc) for _snputc
    printf8.o(i.__0vsprintf$8) refers to printf8.o(i._printf_core) for _printf_core
    printf8.o(i.__0vsprintf$8) refers to printf8.o(i._sputc) for _sputc
    printf8.o(i._printf_core) refers to printf8.o(i._printf_pre_padding) for _printf_pre_padding
    printf8.o(i._printf_core) refers to uldiv.o(.text) for __aeabi_uldivmod
    printf8.o(i._printf_core) refers to printf8.o(i._printf_post_padding) for _printf_post_padding
    printfa.o(i.__0fprintf) refers (Special) to iusefp.o(.text) for __I$use$fp
    printfa.o(i.__0fprintf) refers to printfa.o(i._printf_core) for _printf_core
    printfa.o(i.__0fprintf) refers to fputc.o(i.fputc) for fputc
    printfa.o(i.__0printf) refers (Special) to iusefp.o(.text) for __I$use$fp
    printfa.o(i.__0printf) refers to printfa.o(i._printf_core) for _printf_core
    printfa.o(i.__0printf) refers to fputc.o(i.fputc) for fputc
    printfa.o(i.__0printf) refers to stdout.o(.data) for __stdout
    printfa.o(i.__0snprintf) refers (Special) to iusefp.o(.text) for __I$use$fp
    printfa.o(i.__0snprintf) refers to printfa.o(i._printf_core) for _printf_core
    printfa.o(i.__0snprintf) refers to printfa.o(i._snputc) for _snputc
    printfa.o(i.__0sprintf) refers (Special) to iusefp.o(.text) for __I$use$fp
    printfa.o(i.__0sprintf) refers to printfa.o(i._printf_core) for _printf_core
    printfa.o(i.__0sprintf) refers to printfa.o(i._sputc) for _sputc
    printfa.o(i.__0vfprintf) refers (Special) to iusefp.o(.text) for __I$use$fp
    printfa.o(i.__0vfprintf) refers to printfa.o(i._printf_core) for _printf_core
    printfa.o(i.__0vfprintf) refers to fputc.o(i.fputc) for fputc
    printfa.o(i.__0vprintf) refers (Special) to iusefp.o(.text) for __I$use$fp
    printfa.o(i.__0vprintf) refers to printfa.o(i._printf_core) for _printf_core
    printfa.o(i.__0vprintf) refers to fputc.o(i.fputc) for fputc
    printfa.o(i.__0vprintf) refers to stdout.o(.data) for __stdout
    printfa.o(i.__0vsnprintf) refers (Special) to iusefp.o(.text) for __I$use$fp
    printfa.o(i.__0vsnprintf) refers to printfa.o(i._printf_core) for _printf_core
    printfa.o(i.__0vsnprintf) refers to printfa.o(i._snputc) for _snputc
    printfa.o(i.__0vsprintf) refers (Special) to iusefp.o(.text) for __I$use$fp
    printfa.o(i.__0vsprintf) refers to printfa.o(i._printf_core) for _printf_core
    printfa.o(i.__0vsprintf) refers to printfa.o(i._sputc) for _sputc
    printfa.o(i._fp_digits) refers (Special) to iusefp.o(.text) for __I$use$fp
    printfa.o(i._fp_digits) refers to dmul.o(.text) for __aeabi_dmul
    printfa.o(i._fp_digits) refers to ddiv.o(.text) for __aeabi_ddiv
    printfa.o(i._fp_digits) refers to cdrcmple.o(.text) for __aeabi_cdrcmple
    printfa.o(i._fp_digits) refers to dadd.o(.text) for __aeabi_dadd
    printfa.o(i._fp_digits) refers to dfixul.o(.text) for __aeabi_d2ulz
    printfa.o(i._fp_digits) refers to uldiv.o(.text) for __aeabi_uldivmod
    printfa.o(i._printf_core) refers (Special) to iusefp.o(.text) for __I$use$fp
    printfa.o(i._printf_core) refers to printfa.o(i._printf_pre_padding) for _printf_pre_padding
    printfa.o(i._printf_core) refers to uldiv.o(.text) for __aeabi_uldivmod
    printfa.o(i._printf_core) refers to printfa.o(i._printf_post_padding) for _printf_post_padding
    printfa.o(i._printf_core) refers to printfa.o(i._fp_digits) for _fp_digits
    printfa.o(i._printf_core) refers to uidiv.o(.text) for __aeabi_uidivmod
    printfa.o(i._printf_post_padding) refers (Special) to iusefp.o(.text) for __I$use$fp
    printfa.o(i._printf_pre_padding) refers (Special) to iusefp.o(.text) for __I$use$fp
    printfa.o(i._snputc) refers (Special) to iusefp.o(.text) for __I$use$fp
    printfa.o(i._sputc) refers (Special) to iusefp.o(.text) for __I$use$fp
    entry2.o(.ARM.Collect$$$$00000001) refers to entry2.o(.ARM.Collect$$$$00002712) for __lit__00000000
    entry2.o(.ARM.Collect$$$$00002712) refers to startup.o(STACK) for __initial_sp
    entry2.o(__vectab_stack_and_reset_area) refers to startup.o(STACK) for __initial_sp
    entry2.o(__vectab_stack_and_reset_area) refers to entry.o(.ARM.Collect$$$$00000000) for __main
    entry5.o(.ARM.Collect$$$$00000004) refers to init.o(.text) for __scatterload
    entry9a.o(.ARM.Collect$$$$0000000B) refers to main.o(i.main) for main
    entry9b.o(.ARM.Collect$$$$0000000C) refers to main.o(i.main) for main
    fputc.o(i.fputc) refers (Special) to iusesemip.o(.text) for __I$use$semihosting$fputc
    fputc.o(i.fputc) refers (Special) to semi.o(.text) for __semihosting_library_function
    uldiv.o(.text) refers to llushr.o(.text) for __aeabi_llsr
    uldiv.o(.text) refers to llshl.o(.text) for __aeabi_llsl
    dadd.o(.text) refers to llshl.o(.text) for __aeabi_llsl
    dadd.o(.text) refers to llsshr.o(.text) for __aeabi_lasr
    dadd.o(.text) refers to depilogue.o(.text) for _double_epilogue
    dmul.o(.text) refers to depilogue.o(.text) for _double_epilogue
    ddiv.o(.text) refers to depilogue.o(.text) for _double_round
    dfixul.o(.text) refers to llushr.o(.text) for __aeabi_llsr
    dfixul.o(.text) refers to llshl.o(.text) for __aeabi_llsl
    init.o(.text) refers to entry5.o(.ARM.Collect$$$$00000004) for __main_after_scatterload
    depilogue.o(.text) refers to llshl.o(.text) for __aeabi_llsl
    depilogue.o(.text) refers to llushr.o(.text) for __aeabi_llsr


==============================================================================

Removing Unused input sections from the image.

    Removing fifo.o(i.RxFifo_Size), (56 bytes).
    Removing lcd.o(i.BSP_LCD_Color565), (24 bytes).
    Removing lcd.o(i.BSP_LCD_DrawBitmap), (288 bytes).
    Removing lcd.o(i.BSP_LCD_DrawCharS), (248 bytes).
    Removing lcd.o(i.BSP_LCD_DrawPixel), (72 bytes).
    Removing lcd.o(i.BSP_LCD_Drawaxes), (292 bytes).
    Removing lcd.o(i.BSP_LCD_OutUDec), (144 bytes).
    Removing lcd.o(i.BSP_LCD_OutUDec5), (136 bytes).
    Removing lcd.o(i.BSP_LCD_OutUFix2_1), (112 bytes).
    Removing lcd.o(i.BSP_LCD_OutUHex2), (112 bytes).
    Removing lcd.o(i.BSP_LCD_PlotIncrement), (56 bytes).
    Removing lcd.o(i.BSP_LCD_PlotPoint), (100 bytes).
    Removing lcd.o(i.BSP_LCD_SwapColor), (18 bytes).
    Removing lcd.o(i.BSP_LCD_Value), (28 bytes).
    Removing lcd.o(i.fillmessage2_1), (88 bytes).
    Removing lcd.o(i.fillmessage2_Hex), (84 bytes).
    Removing lcd.o(i.fillmessage5), (128 bytes).
    Removing lcd.o(i.rgb24_to_rgb565), (24 bytes).
    Removing main.o(i.DisplayBitmap), (140 bytes).
    Removing main.o(.constdata), (578 bytes).
    Removing os.o(i.OS_Time), (16 bytes).
    Removing os.o(i.OS_TimeDifference), (6 bytes).
    Removing os.o(i.OS_bSignal), (48 bytes).
    Removing os.o(i.OS_bWait), (48 bytes).
    Removing os.o(i.flush), (28 bytes).
    Removing porte.o(i.PortE_Init), (104 bytes).
    Removing startup.o(HEAP), (0 bytes).
    Removing uart.o(i.OutCRLF), (16 bytes).
    Removing uart.o(i.UART_InChar), (20 bytes).
    Removing uart.o(i.UART_InString), (70 bytes).
    Removing uart.o(i.UART_InUDec), (76 bytes).
    Removing uart.o(i.UART_InUHex), (108 bytes).
    Removing uart.o(i.UART_Init), (196 bytes).
    Removing uart.o(i.UART_OutChar), (52 bytes).
    Removing uart.o(i.UART_OutString), (22 bytes).
    Removing uart.o(i.UART_OutUDec), (42 bytes).
    Removing uart.o(i.UART_OutUHex), (52 bytes).
    Removing uart_fifo.o(i.Rx_UARTFifo_Get), (80 bytes).
    Removing uart_fifo.o(i.Rx_UARTFifo_Init), (52 bytes).
    Removing uart_fifo.o(i.Tx_UARTFifo_Init), (48 bytes).
    Removing uart_fifo.o(i.Tx_UARTFifo_Put), (72 bytes).
    Removing dadd.o(.text), (334 bytes).
    Removing dmul.o(.text), (228 bytes).
    Removing ddiv.o(.text), (222 bytes).
    Removing dfixul.o(.text), (48 bytes).
    Removing cdrcmple.o(.text), (48 bytes).
    Removing depilogue.o(.text), (186 bytes).

47 unused section(s) (total 4950 bytes) removed from the image.

==============================================================================

Image Symbol Table

    Local Symbols

    Symbol Name                              Value     Ov Type        Size  Object(Section)

    RESET                                    0x00000000   Section      644  startup.o(RESET)
    ../clib/microlib/division.c              0x00000000   Number         0  uidiv.o ABSOLUTE
    ../clib/microlib/division.c              0x00000000   Number         0  uldiv.o ABSOLUTE
    ../clib/microlib/init/entry.s            0x00000000   Number         0  entry12b.o ABSOLUTE
    ../clib/microlib/init/entry.s            0x00000000   Number         0  entry12a.o ABSOLUTE
    ../clib/microlib/init/entry.s            0x00000000   Number         0  entry11b.o ABSOLUTE
    ../clib/microlib/init/entry.s            0x00000000   Number         0  entry.o ABSOLUTE
    ../clib/microlib/init/entry.s            0x00000000   Number         0  entry10b.o ABSOLUTE
    ../clib/microlib/init/entry.s            0x00000000   Number         0  entry11a.o ABSOLUTE
    ../clib/microlib/init/entry.s            0x00000000   Number         0  entry2.o ABSOLUTE
    ../clib/microlib/init/entry.s            0x00000000   Number         0  entry5.o ABSOLUTE
    ../clib/microlib/init/entry.s            0x00000000   Number         0  entry10a.o ABSOLUTE
    ../clib/microlib/init/entry.s            0x00000000   Number         0  entry9b.o ABSOLUTE
    ../clib/microlib/init/entry.s            0x00000000   Number         0  entry7a.o ABSOLUTE
    ../clib/microlib/init/entry.s            0x00000000   Number         0  entry9a.o ABSOLUTE
    ../clib/microlib/init/entry.s            0x00000000   Number         0  entry7b.o ABSOLUTE
    ../clib/microlib/init/entry.s            0x00000000   Number         0  entry8b.o ABSOLUTE
    ../clib/microlib/init/entry.s            0x00000000   Number         0  entry8a.o ABSOLUTE
    ../clib/microlib/longlong.c              0x00000000   Number         0  llsshr.o ABSOLUTE
    ../clib/microlib/longlong.c              0x00000000   Number         0  llushr.o ABSOLUTE
    ../clib/microlib/longlong.c              0x00000000   Number         0  llshl.o ABSOLUTE
    ../clib/microlib/printf/printf.c         0x00000000   Number         0  printfb.o ABSOLUTE
    ../clib/microlib/printf/printf.c         0x00000000   Number         0  printf0.o ABSOLUTE
    ../clib/microlib/printf/printf.c         0x00000000   Number         0  printf1.o ABSOLUTE
    ../clib/microlib/printf/printf.c         0x00000000   Number         0  printf3.o ABSOLUTE
    ../clib/microlib/printf/printf.c         0x00000000   Number         0  printf4.o ABSOLUTE
    ../clib/microlib/printf/printf.c         0x00000000   Number         0  printf5.o ABSOLUTE
    ../clib/microlib/printf/printf.c         0x00000000   Number         0  printf6.o ABSOLUTE
    ../clib/microlib/printf/printf.c         0x00000000   Number         0  printf7.o ABSOLUTE
    ../clib/microlib/printf/printf.c         0x00000000   Number         0  printf8.o ABSOLUTE
    ../clib/microlib/printf/printf.c         0x00000000   Number         0  printfa.o ABSOLUTE
    ../clib/microlib/printf/printf.c         0x00000000   Number         0  printf2.o ABSOLUTE
    ../clib/microlib/printf/stubs.s          0x00000000   Number         0  stubs.o ABSOLUTE
    ../clib/microlib/stdio/fputc.c           0x00000000   Number         0  fputc.o ABSOLUTE
    ../clib/microlib/stdio/semi.s            0x00000000   Number         0  semi.o ABSOLUTE
    ../clib/microlib/stdio/streams.c         0x00000000   Number         0  stdout.o ABSOLUTE
    ../clib/microlib/stubs.s                 0x00000000   Number         0  iusefp.o ABSOLUTE
    ../clib/microlib/stubs.s                 0x00000000   Number         0  iusesemip.o ABSOLUTE
    ../fplib/microlib/fpadd.c                0x00000000   Number         0  dadd.o ABSOLUTE
    ../fplib/microlib/fpdiv.c                0x00000000   Number         0  ddiv.o ABSOLUTE
    ../fplib/microlib/fpepilogue.c           0x00000000   Number         0  depilogue.o ABSOLUTE
    ../fplib/microlib/fpfix.c                0x00000000   Number         0  dfixul.o ABSOLUTE
    ../fplib/microlib/fpmul.c                0x00000000   Number         0  dmul.o ABSOLUTE
    FIFO.c                                   0x00000000   Number         0  fifo.o ABSOLUTE
    LCD.c                                    0x00000000   Number         0  lcd.o ABSOLUTE
    LCD.c                                    0x00000000   Number         0  lcd.o ABSOLUTE
    Main.c                                   0x00000000   Number         0  main.o ABSOLUTE
    PLL.c                                    0x00000000   Number         0  pll.o ABSOLUTE
    PORTE.c                                  0x00000000   Number         0  porte.o ABSOLUTE
    UART.c                                   0x00000000   Number         0  uart.o ABSOLUTE
    UART_FIFO.c                              0x00000000   Number         0  uart_fifo.o ABSOLUTE
    cdrcmple.s                               0x00000000   Number         0  cdrcmple.o ABSOLUTE
    dc.s                                     0x00000000   Number         0  dc.o ABSOLUTE
    handlers.s                               0x00000000   Number         0  handlers.o ABSOLUTE
    init.s                                   0x00000000   Number         0  init.o ABSOLUTE
    joystick.c                               0x00000000   Number         0  joystick.o ABSOLUTE
    os.c                                     0x00000000   Number         0  os.o ABSOLUTE
    osasm.s                                  0x00000000   Number         0  osasm.o ABSOLUTE
    sound.c                                  0x00000000   Number         0  sound.o ABSOLUTE
    startup.s                                0x00000000   Number         0  startup.o ABSOLUTE
    .ARM.Collect$$$$00000000                 0x00000284   Section        0  entry.o(.ARM.Collect$$$$00000000)
    .ARM.Collect$$$$00000001                 0x00000284   Section        4  entry2.o(.ARM.Collect$$$$00000001)
    .ARM.Collect$$$$00000004                 0x00000288   Section        4  entry5.o(.ARM.Collect$$$$00000004)
    .ARM.Collect$$$$00000008                 0x0000028c   Section        0  entry7b.o(.ARM.Collect$$$$00000008)
    .ARM.Collect$$$$0000000A                 0x0000028c   Section        0  entry8b.o(.ARM.Collect$$$$0000000A)
    .ARM.Collect$$$$0000000B                 0x0000028c   Section        8  entry9a.o(.ARM.Collect$$$$0000000B)
    .ARM.Collect$$$$0000000E                 0x00000294   Section        4  entry12b.o(.ARM.Collect$$$$0000000E)
    .ARM.Collect$$$$0000000F                 0x00000298   Section        0  entry10a.o(.ARM.Collect$$$$0000000F)
    .ARM.Collect$$$$00000011                 0x00000298   Section        0  entry11a.o(.ARM.Collect$$$$00000011)
    .ARM.Collect$$$$00002712                 0x00000298   Section        4  entry2.o(.ARM.Collect$$$$00002712)
    __lit__00000000                          0x00000298   Data           4  entry2.o(.ARM.Collect$$$$00002712)
    .emb_text                                0x0000029c   Section        6  lcd.o(.emb_text)
    .text                                    0x000002a4   Section       28  startup.o(.text)
    .text                                    0x000002c0   Section       84  osasm.o(.text)
    .text                                    0x00000314   Section        0  uidiv.o(.text)
    .text                                    0x00000340   Section       36  init.o(.text)
    i.BSP_Delay1ms                           0x00000364   Section        0  lcd.o(i.BSP_Delay1ms)
    i.BSP_Joystick_Init                      0x0000037c   Section        0  joystick.o(i.BSP_Joystick_Init)
    i.BSP_Joystick_Input                     0x000004ac   Section        0  joystick.o(i.BSP_Joystick_Input)
    i.BSP_LCD_DrawChar                       0x000004e4   Section        0  lcd.o(i.BSP_LCD_DrawChar)
    i.BSP_LCD_DrawCrosshair                  0x000005f4   Section        0  lcd.o(i.BSP_LCD_DrawCrosshair)
    i.BSP_LCD_DrawFastHLine                  0x0000061c   Section        0  lcd.o(i.BSP_LCD_DrawFastHLine)
    i.BSP_LCD_DrawFastVLine                  0x00000698   Section        0  lcd.o(i.BSP_LCD_DrawFastVLine)
    i.BSP_LCD_DrawString                     0x00000714   Section        0  lcd.o(i.BSP_LCD_DrawString)
    i.BSP_LCD_FillRect                       0x00000768   Section        0  lcd.o(i.BSP_LCD_FillRect)
    i.BSP_LCD_FillScreen                     0x00000814   Section        0  lcd.o(i.BSP_LCD_FillScreen)
    i.BSP_LCD_Init                           0x00000838   Section        0  lcd.o(i.BSP_LCD_Init)
    i.BSP_LCD_Message                        0x00000844   Section        0  lcd.o(i.BSP_LCD_Message)
    i.BSP_LCD_OutUDec4                       0x000008c0   Section        0  lcd.o(i.BSP_LCD_OutUDec4)
    i.BSP_LCD_SetCursor                      0x00000948   Section        0  lcd.o(i.BSP_LCD_SetCursor)
    i.BSP_LCD_String                         0x00000968   Section        0  lcd.o(i.BSP_LCD_String)
    i.ButtonOneInit                          0x00000980   Section        0  os.o(i.ButtonOneInit)
    i.ButtonTwoInit                          0x00000a60   Section        0  os.o(i.ButtonTwoInit)
    i.Consumer                               0x00000b50   Section        0  main.o(i.Consumer)
    i.CrossHair_Init                         0x00000c08   Section        0  main.o(i.CrossHair_Init)
    i.DebouncePD6                            0x00000c24   Section        0  os.o(i.DebouncePD6)
    DebouncePD6                              0x00000c25   Thumb Code    44  os.o(i.DebouncePD6)
    i.DebouncePD7                            0x00000c5c   Section        0  os.o(i.DebouncePD7)
    DebouncePD7                              0x00000c5d   Thumb Code    44  os.o(i.DebouncePD7)
    i.GPIOPortD_Handler                      0x00000c94   Section        0  os.o(i.GPIOPortD_Handler)
    i.GetNumberOfWaitingThreads              0x00000d18   Section        0  os.o(i.GetNumberOfWaitingThreads)
    i.GetScoreSound                          0x00000d20   Section        0  sound.o(i.GetScoreSound)
    i.InitTimer1A                            0x00000d48   Section        0  os.o(i.InitTimer1A)
    i.InitTimer2A                            0x00000dd4   Section        0  os.o(i.InitTimer2A)
    i.InitTimer3A                            0x00000e60   Section        0  os.o(i.InitTimer3A)
    i.InitTimer4A                            0x00000ee8   Section        0  os.o(i.InitTimer4A)
    i.OS_AddPeriodicThread                   0x00000f74   Section        0  os.o(i.OS_AddPeriodicThread)
    i.OS_AddSW1Task                          0x00000fb8   Section        0  os.o(i.OS_AddSW1Task)
    i.OS_AddSW2Task                          0x00000fd0   Section        0  os.o(i.OS_AddSW2Task)
    i.OS_AddThread                           0x00000fe8   Section        0  os.o(i.OS_AddThread)
    i.OS_ClearMsTime                         0x00001168   Section        0  os.o(i.OS_ClearMsTime)
    i.OS_FreePt                              0x00001174   Section        0  os.o(i.OS_FreePt)
    i.OS_Id                                  0x000011a8   Section        0  os.o(i.OS_Id)
    i.OS_Init                                0x000011b4   Section        0  os.o(i.OS_Init)
    i.OS_InitSemaphore                       0x00001210   Section        0  os.o(i.OS_InitSemaphore)
    i.OS_InitSemaphores                      0x00001228   Section        0  os.o(i.OS_InitSemaphores)
    i.OS_Kill                                0x0000126c   Section        0  os.o(i.OS_Kill)
    i.OS_Launch                              0x000012e8   Section        0  os.o(i.OS_Launch)
    i.OS_MsTime                              0x00001300   Section        0  os.o(i.OS_MsTime)
    i.OS_Signal                              0x0000130c   Section        0  os.o(i.OS_Signal)
    i.OS_Sleep                               0x00001330   Section        0  os.o(i.OS_Sleep)
    i.OS_Suspend                             0x00001350   Section        0  os.o(i.OS_Suspend)
    i.OS_Wait                                0x00001368   Section        0  os.o(i.OS_Wait)
    i.OS_bSignal1                            0x000013ac   Section        0  os.o(i.OS_bSignal1)
    i.OS_nWait                               0x000013dc   Section        0  os.o(i.OS_nWait)
    i.PLL_Init                               0x00001444   Section        0  pll.o(i.PLL_Init)
    i.PlayGameOverSound                      0x000014c0   Section        0  sound.o(i.PlayGameOverSound)
    i.PlaySound                              0x00001508   Section        0  sound.o(i.PlaySound)
    i.Producer                               0x00001534   Section        0  main.o(i.Producer)
    i.RxFifo_Get                             0x00001624   Section        0  fifo.o(i.RxFifo_Get)
    i.RxFifo_Init                            0x00001668   Section        0  fifo.o(i.RxFifo_Init)
    i.RxFifo_Put                             0x00001690   Section        0  fifo.o(i.RxFifo_Put)
    i.Rx_UARTFifo_Put                        0x000016d8   Section        0  uart_fifo.o(i.Rx_UARTFifo_Put)
    i.Rx_UARTFifo_Size                       0x0000171c   Section        0  uart_fifo.o(i.Rx_UARTFifo_Size)
    i.ST7735_InitR                           0x00001750   Section        0  lcd.o(i.ST7735_InitR)
    ST7735_InitR                             0x00001751   Thumb Code    86  lcd.o(i.ST7735_InitR)
    i.SW1Push                                0x000017c4   Section        0  main.o(i.SW1Push)
    i.SW2Push                                0x00001864   Section        0  main.o(i.SW2Push)
    i.Scheduler                              0x00001930   Section        0  os.o(i.Scheduler)
    i.SetInitialStack                        0x00001994   Section        0  os.o(i.SetInitialStack)
    i.Sound_Init                             0x00001ae4   Section        0  sound.o(i.Sound_Init)
    i.StopSound                              0x00001bc4   Section        0  sound.o(i.StopSound)
    i.Timer1A_Handler                        0x00001bd8   Section        0  os.o(i.Timer1A_Handler)
    i.Timer2A_Handler                        0x00001bf0   Section        0  os.o(i.Timer2A_Handler)
    i.Timer3A_Handler                        0x00001ca8   Section        0  os.o(i.Timer3A_Handler)
    i.Timer4A_Handler                        0x00001cb4   Section        0  os.o(i.Timer4A_Handler)
    i.Tx_UARTFifo_Get                        0x00001ccc   Section        0  uart_fifo.o(i.Tx_UARTFifo_Get)
    i.Tx_UARTFifo_Size                       0x00001d14   Section        0  uart_fifo.o(i.Tx_UARTFifo_Size)
    i.UART0_Handler                          0x00001d2c   Section        0  uart.o(i.UART0_Handler)
    i.Updater                                0x00001d84   Section        0  main.o(i.Updater)
    i.__0sprintf$1                           0x00001f80   Section        0  printf1.o(i.__0sprintf$1)
    i.__scatterload_copy                     0x00001fa8   Section       14  handlers.o(i.__scatterload_copy)
    i.__scatterload_null                     0x00001fb6   Section        2  handlers.o(i.__scatterload_null)
    i.__scatterload_zeroinit                 0x00001fb8   Section       14  handlers.o(i.__scatterload_zeroinit)
    i._printf_core                           0x00001fc8   Section        0  printf1.o(i._printf_core)
    _printf_core                             0x00001fc9   Thumb Code   336  printf1.o(i._printf_core)
    i._sputc                                 0x0000211c   Section        0  printf1.o(i._sputc)
    _sputc                                   0x0000211d   Thumb Code    10  printf1.o(i._sputc)
    i.adcinit                                0x00002128   Section        0  joystick.o(i.adcinit)
    adcinit                                  0x00002129   Thumb Code    58  joystick.o(i.adcinit)
    i.addTile                                0x00002174   Section        0  main.o(i.addTile)
    i.addToList                              0x000023ac   Section        0  os.o(i.addToList)
    i.checkSemaPt                            0x000023d4   Section        0  os.o(i.checkSemaPt)
    i.commandList                            0x0000240c   Section        0  lcd.o(i.commandList)
    commandList                              0x0000240d   Thumb Code    86  lcd.o(i.commandList)
    i.commonInit                             0x00002464   Section        0  lcd.o(i.commonInit)
    commonInit                               0x00002465   Thumb Code   452  lcd.o(i.commonInit)
    i.copyHardwareToSoftware                 0x00002668   Section        0  uart.o(i.copyHardwareToSoftware)
    copyHardwareToSoftware                   0x00002669   Thumb Code    36  uart.o(i.copyHardwareToSoftware)
    i.copySoftwareToHardware                 0x00002690   Section        0  uart.o(i.copySoftwareToHardware)
    copySoftwareToHardware                   0x00002691   Thumb Code    38  uart.o(i.copySoftwareToHardware)
    i.fillmessage                            0x000026bc   Section        0  lcd.o(i.fillmessage)
    fillmessage                              0x000026bd   Thumb Code    64  lcd.o(i.fillmessage)
    i.fillmessage4                           0x00002704   Section        0  lcd.o(i.fillmessage4)
    fillmessage4                             0x00002705   Thumb Code    90  lcd.o(i.fillmessage4)
    i.init_lfsr                              0x00002768   Section        0  main.o(i.init_lfsr)
    i.isInList                               0x00002788   Section        0  os.o(i.isInList)
    i.main                                   0x000027ac   Section        0  main.o(i.main)
    i.next_rand                              0x000027f4   Section        0  main.o(i.next_rand)
    i.panel                                  0x00002828   Section        0  main.o(i.panel)
    i.pushColor                              0x0000294c   Section        0  lcd.o(i.pushColor)
    pushColor                                0x0000294d   Thumb Code    18  lcd.o(i.pushColor)
    i.read_adc_value                         0x00002960   Section        0  main.o(i.read_adc_value)
    i.removeFromList                         0x00002a48   Section        0  os.o(i.removeFromList)
    i.score                                  0x00002a8c   Section        0  os.o(i.score)
    i.setAddrWindow                          0x00002af8   Section        0  lcd.o(i.setAddrWindow)
    setAddrWindow                            0x00002af9   Thumb Code   106  lcd.o(i.setAddrWindow)
    i.settings                               0x00002b6c   Section        0  main.o(i.settings)
    i.shift_lfsr                             0x00002d78   Section        0  main.o(i.shift_lfsr)
    i.start                                  0x00002d8c   Section        0  main.o(i.start)
    i.stop                                   0x00002dd4   Section        0  main.o(i.stop)
    i.update                                 0x00002e1c   Section        0  main.o(i.update)
    i.writecommand                           0x00002eb4   Section        0  lcd.o(i.writecommand)
    writecommand                             0x00002eb5   Thumb Code    62  lcd.o(i.writecommand)
    i.writedata                              0x00002efc   Section        0  lcd.o(i.writedata)
    writedata                                0x00002efd   Thumb Code    64  lcd.o(i.writedata)
    .constdata                               0x00002f44   Section     1403  lcd.o(.constdata)
    Font                                     0x00002f44   Data        1275  lcd.o(.constdata)
    Rcmd1                                    0x0000343f   Data          59  lcd.o(.constdata)
    Rcmd2green                               0x0000347a   Data          13  lcd.o(.constdata)
    Rcmd2red                                 0x00003487   Data          13  lcd.o(.constdata)
    Rcmd3                                    0x00003494   Data          43  lcd.o(.constdata)
    .constdata                               0x000034c0   Section       28  sound.o(.constdata)
    .data                                    0x20000000   Section        8  fifo.o(.data)
    .data                                    0x20000008   Section       38  lcd.o(.data)
    ColStart                                 0x20000012   Data           1  lcd.o(.data)
    RowStart                                 0x20000013   Data           1  lcd.o(.data)
    _width                                   0x20000014   Data           2  lcd.o(.data)
    _height                                  0x20000016   Data           2  lcd.o(.data)
    .data                                    0x20000030   Section      152  main.o(.data)
    .data                                    0x200000c8   Section       42  os.o(.data)
    ThreadNum                                0x200000dc   Data           4  os.o(.data)
    MSTime                                   0x200000e4   Data           4  os.o(.data)
    Last1                                    0x200000e8   Data           4  os.o(.data)
    Last2                                    0x200000ec   Data           4  os.o(.data)
    PeriodTaskCt                             0x200000f0   Data           2  os.o(.data)
    .data                                    0x200000f4   Section       16  uart_fifo.o(.data)
    .bss                                     0x20000104   Section      120  fifo.o(.bss)
    RxFifo                                   0x20000104   Data         120  fifo.o(.bss)
    .bss                                     0x2000017c   Section       12  lcd.o(.bss)
    .bss                                     0x20000188   Section    11936  os.o(.bss)
    .bss                                     0x20003028   Section      172  uart_fifo.o(.bss)
    Tx_UARTFifo                              0x20003028   Data          16  uart_fifo.o(.bss)
    Rx_UARTFifo                              0x20003080   Data          10  uart_fifo.o(.bss)
    STACK                                    0x200030d8   Section     1024  startup.o(STACK)
    StackMem                                 0x200030d8   Data           0  startup.o(STACK)

    Global Symbols

    Symbol Name                              Value     Ov Type        Size  Object(Section)

    BuildAttributes$$THM_ISAv4$E$P$D$K$B$S$7EM$PE$A:L22UL41UL21$X:L11$S22US41US21$IEEE1$IW$USESV6$~STKCKD$USESV7$~SHL$OSPACE$ROPI$EBA8$MICROLIB$REQ8$PRES8$EABIv2 0x00000000   Number         0  anon$$obj.o ABSOLUTE
    __ARM_use_no_argv                        0x00000000   Number         0  main.o ABSOLUTE
    __Vectors                                0x00000000   Data           0  startup.o(RESET)
    _printf_a                                0x00000000   Number         0  stubs.o ABSOLUTE
    _printf_c                                0x00000000   Number         0  stubs.o ABSOLUTE
    _printf_charcount                        0x00000000   Number         0  stubs.o ABSOLUTE
    _printf_d                                0x00000000   Number         0  stubs.o ABSOLUTE
    _printf_e                                0x00000000   Number         0  stubs.o ABSOLUTE
    _printf_f                                0x00000000   Number         0  stubs.o ABSOLUTE
    _printf_flags                            0x00000000   Number         0  stubs.o ABSOLUTE
    _printf_fp_dec                           0x00000000   Number         0  stubs.o ABSOLUTE
    _printf_fp_hex                           0x00000000   Number         0  stubs.o ABSOLUTE
    _printf_g                                0x00000000   Number         0  stubs.o ABSOLUTE
    _printf_i                                0x00000000   Number         0  stubs.o ABSOLUTE
    _printf_int_dec                          0x00000000   Number         0  stubs.o ABSOLUTE
    _printf_l                                0x00000000   Number         0  stubs.o ABSOLUTE
    _printf_lc                               0x00000000   Number         0  stubs.o ABSOLUTE
    _printf_ll                               0x00000000   Number         0  stubs.o ABSOLUTE
    _printf_lld                              0x00000000   Number         0  stubs.o ABSOLUTE
    _printf_lli                              0x00000000   Number         0  stubs.o ABSOLUTE
    _printf_llo                              0x00000000   Number         0  stubs.o ABSOLUTE
    _printf_llu                              0x00000000   Number         0  stubs.o ABSOLUTE
    _printf_llx                              0x00000000   Number         0  stubs.o ABSOLUTE
    _printf_longlong_dec                     0x00000000   Number         0  stubs.o ABSOLUTE
    _printf_longlong_hex                     0x00000000   Number         0  stubs.o ABSOLUTE
    _printf_longlong_oct                     0x00000000   Number         0  stubs.o ABSOLUTE
    _printf_ls                               0x00000000   Number         0  stubs.o ABSOLUTE
    _printf_mbtowc                           0x00000000   Number         0  stubs.o ABSOLUTE
    _printf_n                                0x00000000   Number         0  stubs.o ABSOLUTE
    _printf_o                                0x00000000   Number         0  stubs.o ABSOLUTE
    _printf_p                                0x00000000   Number         0  stubs.o ABSOLUTE
    _printf_percent                          0x00000000   Number         0  stubs.o ABSOLUTE
    _printf_pre_padding                      0x00000000   Number         0  stubs.o ABSOLUTE
    _printf_return_value                     0x00000000   Number         0  stubs.o ABSOLUTE
    _printf_s                                0x00000000   Number         0  stubs.o ABSOLUTE
    _printf_sizespec                         0x00000000   Number         0  stubs.o ABSOLUTE
    _printf_str                              0x00000000   Number         0  stubs.o ABSOLUTE
    _printf_truncate_signed                  0x00000000   Number         0  stubs.o ABSOLUTE
    _printf_truncate_unsigned                0x00000000   Number         0  stubs.o ABSOLUTE
    _printf_u                                0x00000000   Number         0  stubs.o ABSOLUTE
    _printf_wc                               0x00000000   Number         0  stubs.o ABSOLUTE
    _printf_wctomb                           0x00000000   Number         0  stubs.o ABSOLUTE
    _printf_widthprec                        0x00000000   Number         0  stubs.o ABSOLUTE
    _printf_x                                0x00000000   Number         0  stubs.o ABSOLUTE
    __arm_fini_                               - Undefined Weak Reference
    __cpp_initialize__aeabi_                  - Undefined Weak Reference
    __cxa_finalize                            - Undefined Weak Reference
    __decompress                              - Undefined Weak Reference
    _clock_init                               - Undefined Weak Reference
    _microlib_exit                            - Undefined Weak Reference
    Reset_Handler                            0x0000026d   Thumb Code     0  startup.o(RESET)
    NMI_Handler                              0x00000271   Thumb Code     2  startup.o(RESET)
    HardFault_Handler                        0x00000273   Thumb Code     2  startup.o(RESET)
    MemManage_Handler                        0x00000275   Thumb Code     2  startup.o(RESET)
    BusFault_Handler                         0x00000277   Thumb Code     2  startup.o(RESET)
    UsageFault_Handler                       0x00000279   Thumb Code     2  startup.o(RESET)
    SVC_Handler                              0x0000027b   Thumb Code     2  startup.o(RESET)
    DebugMon_Handler                         0x0000027d   Thumb Code     2  startup.o(RESET)
    PendSV_Handler                           0x0000027f   Thumb Code     2  startup.o(RESET)
    ADC0Seq0_Handler                         0x00000283   Thumb Code     0  startup.o(RESET)
    ADC0Seq1_Handler                         0x00000283   Thumb Code     0  startup.o(RESET)
    ADC0Seq2_Handler                         0x00000283   Thumb Code     0  startup.o(RESET)
    ADC0Seq3_Handler                         0x00000283   Thumb Code     0  startup.o(RESET)
    ADC1Seq0_Handler                         0x00000283   Thumb Code     0  startup.o(RESET)
    ADC1Seq1_Handler                         0x00000283   Thumb Code     0  startup.o(RESET)
    ADC1Seq2_Handler                         0x00000283   Thumb Code     0  startup.o(RESET)
    ADC1Seq3_Handler                         0x00000283   Thumb Code     0  startup.o(RESET)
    CAN0_Handler                             0x00000283   Thumb Code     0  startup.o(RESET)
    CAN1_Handler                             0x00000283   Thumb Code     0  startup.o(RESET)
    CAN2_Handler                             0x00000283   Thumb Code     0  startup.o(RESET)
    Comp0_Handler                            0x00000283   Thumb Code     0  startup.o(RESET)
    Comp1_Handler                            0x00000283   Thumb Code     0  startup.o(RESET)
    Comp2_Handler                            0x00000283   Thumb Code     0  startup.o(RESET)
    Ethernet_Handler                         0x00000283   Thumb Code     0  startup.o(RESET)
    ExtBus_Handler                           0x00000283   Thumb Code     0  startup.o(RESET)
    FPU_Handler                              0x00000283   Thumb Code     0  startup.o(RESET)
    Fan0_Handler                             0x00000283   Thumb Code     0  startup.o(RESET)
    FlashCtl_Handler                         0x00000283   Thumb Code     0  startup.o(RESET)
    GPIOPortA_Handler                        0x00000283   Thumb Code     0  startup.o(RESET)
    GPIOPortB_Handler                        0x00000283   Thumb Code     0  startup.o(RESET)
    GPIOPortC_Handler                        0x00000283   Thumb Code     0  startup.o(RESET)
    GPIOPortE_Handler                        0x00000283   Thumb Code     0  startup.o(RESET)
    GPIOPortF_Handler                        0x00000283   Thumb Code     0  startup.o(RESET)
    GPIOPortG_Handler                        0x00000283   Thumb Code     0  startup.o(RESET)
    GPIOPortH_Handler                        0x00000283   Thumb Code     0  startup.o(RESET)
    GPIOPortJ_Handler                        0x00000283   Thumb Code     0  startup.o(RESET)
    GPIOPortK_Handler                        0x00000283   Thumb Code     0  startup.o(RESET)
    GPIOPortL_Handler                        0x00000283   Thumb Code     0  startup.o(RESET)
    GPIOPortM_Handler                        0x00000283   Thumb Code     0  startup.o(RESET)
    GPIOPortN_Handler                        0x00000283   Thumb Code     0  startup.o(RESET)
    GPIOPortP1_Handler                       0x00000283   Thumb Code     0  startup.o(RESET)
    GPIOPortP2_Handler                       0x00000283   Thumb Code     0  startup.o(RESET)
    GPIOPortP3_Handler                       0x00000283   Thumb Code     0  startup.o(RESET)
    GPIOPortP4_Handler                       0x00000283   Thumb Code     0  startup.o(RESET)
    GPIOPortP5_Handler                       0x00000283   Thumb Code     0  startup.o(RESET)
    GPIOPortP6_Handler                       0x00000283   Thumb Code     0  startup.o(RESET)
    GPIOPortP7_Handler                       0x00000283   Thumb Code     0  startup.o(RESET)
    GPIOPortP_Handler                        0x00000283   Thumb Code     0  startup.o(RESET)
    GPIOPortQ1_Handler                       0x00000283   Thumb Code     0  startup.o(RESET)
    GPIOPortQ2_Handler                       0x00000283   Thumb Code     0  startup.o(RESET)
    GPIOPortQ3_Handler                       0x00000283   Thumb Code     0  startup.o(RESET)
    GPIOPortQ4_Handler                       0x00000283   Thumb Code     0  startup.o(RESET)
    GPIOPortQ5_Handler                       0x00000283   Thumb Code     0  startup.o(RESET)
    GPIOPortQ6_Handler                       0x00000283   Thumb Code     0  startup.o(RESET)
    GPIOPortQ7_Handler                       0x00000283   Thumb Code     0  startup.o(RESET)
    GPIOPortQ_Handler                        0x00000283   Thumb Code     0  startup.o(RESET)
    GPIOPortR_Handler                        0x00000283   Thumb Code     0  startup.o(RESET)
    GPIOPortS_Handler                        0x00000283   Thumb Code     0  startup.o(RESET)
    Hibernate_Handler                        0x00000283   Thumb Code     0  startup.o(RESET)
    I2C0_Handler                             0x00000283   Thumb Code     0  startup.o(RESET)
    I2C1_Handler                             0x00000283   Thumb Code     0  startup.o(RESET)
    I2C2_Handler                             0x00000283   Thumb Code     0  startup.o(RESET)
    I2C3_Handler                             0x00000283   Thumb Code     0  startup.o(RESET)
    I2C4_Handler                             0x00000283   Thumb Code     0  startup.o(RESET)
    I2C5_Handler                             0x00000283   Thumb Code     0  startup.o(RESET)
    I2S0_Handler                             0x00000283   Thumb Code     0  startup.o(RESET)
    LPC0_Handler                             0x00000283   Thumb Code     0  startup.o(RESET)
    PECI0_Handler                            0x00000283   Thumb Code     0  startup.o(RESET)
    PWM0Fault_Handler                        0x00000283   Thumb Code     0  startup.o(RESET)
    PWM0Generator0_Handler                   0x00000283   Thumb Code     0  startup.o(RESET)
    PWM0Generator1_Handler                   0x00000283   Thumb Code     0  startup.o(RESET)
    PWM0Generator2_Handler                   0x00000283   Thumb Code     0  startup.o(RESET)
    PWM0Generator3_Handler                   0x00000283   Thumb Code     0  startup.o(RESET)
    PWM1Fault_Handler                        0x00000283   Thumb Code     0  startup.o(RESET)
    PWM1Generator0_Handler                   0x00000283   Thumb Code     0  startup.o(RESET)
    PWM1Generator1_Handler                   0x00000283   Thumb Code     0  startup.o(RESET)
    PWM1Generator2_Handler                   0x00000283   Thumb Code     0  startup.o(RESET)
    PWM1Generator3_Handler                   0x00000283   Thumb Code     0  startup.o(RESET)
    Quadrature0_Handler                      0x00000283   Thumb Code     0  startup.o(RESET)
    Quadrature1_Handler                      0x00000283   Thumb Code     0  startup.o(RESET)
    Quadrature2_Handler                      0x00000283   Thumb Code     0  startup.o(RESET)
    SSI0_Handler                             0x00000283   Thumb Code     0  startup.o(RESET)
    SSI1_Handler                             0x00000283   Thumb Code     0  startup.o(RESET)
    SSI2_Handler                             0x00000283   Thumb Code     0  startup.o(RESET)
    SSI3_Handler                             0x00000283   Thumb Code     0  startup.o(RESET)
    SysCtl_Handler                           0x00000283   Thumb Code     0  startup.o(RESET)
    Timer0A_Handler                          0x00000283   Thumb Code     0  startup.o(RESET)
    Timer0B_Handler                          0x00000283   Thumb Code     0  startup.o(RESET)
    Timer1B_Handler                          0x00000283   Thumb Code     0  startup.o(RESET)
    Timer2B_Handler                          0x00000283   Thumb Code     0  startup.o(RESET)
    Timer3B_Handler                          0x00000283   Thumb Code     0  startup.o(RESET)
    Timer4B_Handler                          0x00000283   Thumb Code     0  startup.o(RESET)
    Timer5A_Handler                          0x00000283   Thumb Code     0  startup.o(RESET)
    Timer5B_Handler                          0x00000283   Thumb Code     0  startup.o(RESET)
    UART1_Handler                            0x00000283   Thumb Code     0  startup.o(RESET)
    UART2_Handler                            0x00000283   Thumb Code     0  startup.o(RESET)
    UART3_Handler                            0x00000283   Thumb Code     0  startup.o(RESET)
    UART4_Handler                            0x00000283   Thumb Code     0  startup.o(RESET)
    UART5_Handler                            0x00000283   Thumb Code     0  startup.o(RESET)
    UART6_Handler                            0x00000283   Thumb Code     0  startup.o(RESET)
    UART7_Handler                            0x00000283   Thumb Code     0  startup.o(RESET)
    USB0_Handler                             0x00000283   Thumb Code     0  startup.o(RESET)
    WDT_Handler                              0x00000283   Thumb Code     0  startup.o(RESET)
    WideTimer0A_Handler                      0x00000283   Thumb Code     0  startup.o(RESET)
    WideTimer0B_Handler                      0x00000283   Thumb Code     0  startup.o(RESET)
    WideTimer1A_Handler                      0x00000283   Thumb Code     0  startup.o(RESET)
    WideTimer1B_Handler                      0x00000283   Thumb Code     0  startup.o(RESET)
    WideTimer2A_Handler                      0x00000283   Thumb Code     0  startup.o(RESET)
    WideTimer2B_Handler                      0x00000283   Thumb Code     0  startup.o(RESET)
    WideTimer3A_Handler                      0x00000283   Thumb Code     0  startup.o(RESET)
    WideTimer3B_Handler                      0x00000283   Thumb Code     0  startup.o(RESET)
    WideTimer4A_Handler                      0x00000283   Thumb Code     0  startup.o(RESET)
    WideTimer4B_Handler                      0x00000283   Thumb Code     0  startup.o(RESET)
    WideTimer5A_Handler                      0x00000283   Thumb Code     0  startup.o(RESET)
    WideTimer5B_Handler                      0x00000283   Thumb Code     0  startup.o(RESET)
    uDMA_Error                               0x00000283   Thumb Code     0  startup.o(RESET)
    uDMA_Handler                             0x00000283   Thumb Code     0  startup.o(RESET)
    __main                                   0x00000285   Thumb Code     0  entry.o(.ARM.Collect$$$$00000000)
    _main_stk                                0x00000285   Thumb Code     0  entry2.o(.ARM.Collect$$$$00000001)
    _main_scatterload                        0x00000289   Thumb Code     0  entry5.o(.ARM.Collect$$$$00000004)
    __main_after_scatterload                 0x0000028d   Thumb Code     0  entry5.o(.ARM.Collect$$$$00000004)
    _main_clock                              0x0000028d   Thumb Code     0  entry7b.o(.ARM.Collect$$$$00000008)
    _main_cpp_init                           0x0000028d   Thumb Code     0  entry8b.o(.ARM.Collect$$$$0000000A)
    _main_init                               0x0000028d   Thumb Code     0  entry9a.o(.ARM.Collect$$$$0000000B)
    __rt_lib_shutdown_fini                   0x00000295   Thumb Code     0  entry12b.o(.ARM.Collect$$$$0000000E)
    __rt_final_cpp                           0x00000299   Thumb Code     0  entry10a.o(.ARM.Collect$$$$0000000F)
    __rt_final_exit                          0x00000299   Thumb Code     0  entry11a.o(.ARM.Collect$$$$00000011)
    parrotdelay                              0x0000029d   Thumb Code     6  lcd.o(.emb_text)
    DisableInterrupts                        0x000002a5   Thumb Code     0  startup.o(.text)
    EnableInterrupts                         0x000002a9   Thumb Code     0  startup.o(.text)
    StartCritical                            0x000002ad   Thumb Code     0  startup.o(.text)
    EndCritical                              0x000002b5   Thumb Code     0  startup.o(.text)
    WaitForInterrupt                         0x000002bb   Thumb Code     0  startup.o(.text)
    OS_DisableInterrupts                     0x000002c1   Thumb Code     0  osasm.o(.text)
    OS_EnableInterrupts                      0x000002c5   Thumb Code     0  osasm.o(.text)
    SysTick_Handler                          0x000002c9   Thumb Code     0  osasm.o(.text)
    StartOS                                  0x000002ef   Thumb Code     0  osasm.o(.text)
    __aeabi_uidiv                            0x00000315   Thumb Code     0  uidiv.o(.text)
    __aeabi_uidivmod                         0x00000315   Thumb Code    44  uidiv.o(.text)
    __scatterload                            0x00000341   Thumb Code    28  init.o(.text)
    __scatterload_rt2                        0x00000341   Thumb Code     0  init.o(.text)
    BSP_Delay1ms                             0x00000365   Thumb Code    22  lcd.o(i.BSP_Delay1ms)
    BSP_Joystick_Init                        0x0000037d   Thumb Code   268  joystick.o(i.BSP_Joystick_Init)
    BSP_Joystick_Input                       0x000004ad   Thumb Code    48  joystick.o(i.BSP_Joystick_Input)
    BSP_LCD_DrawChar                         0x000004e5   Thumb Code   260  lcd.o(i.BSP_LCD_DrawChar)
    BSP_LCD_DrawCrosshair                    0x000005f5   Thumb Code    38  lcd.o(i.BSP_LCD_DrawCrosshair)
    BSP_LCD_DrawFastHLine                    0x0000061d   Thumb Code   116  lcd.o(i.BSP_LCD_DrawFastHLine)
    BSP_LCD_DrawFastVLine                    0x00000699   Thumb Code   116  lcd.o(i.BSP_LCD_DrawFastVLine)
    BSP_LCD_DrawString                       0x00000715   Thumb Code    84  lcd.o(i.BSP_LCD_DrawString)
    BSP_LCD_FillRect                         0x00000769   Thumb Code   164  lcd.o(i.BSP_LCD_FillRect)
    BSP_LCD_FillScreen                       0x00000815   Thumb Code    28  lcd.o(i.BSP_LCD_FillScreen)
    BSP_LCD_Init                             0x00000839   Thumb Code    10  lcd.o(i.BSP_LCD_Init)
    BSP_LCD_Message                          0x00000845   Thumb Code   114  lcd.o(i.BSP_LCD_Message)
    BSP_LCD_OutUDec4                         0x000008c1   Thumb Code   116  lcd.o(i.BSP_LCD_OutUDec4)
    BSP_LCD_SetCursor                        0x00000949   Thumb Code    22  lcd.o(i.BSP_LCD_SetCursor)
    BSP_LCD_String                           0x00000969   Thumb Code    24  lcd.o(i.BSP_LCD_String)
    ButtonOneInit                            0x00000981   Thumb Code   190  os.o(i.ButtonOneInit)
    ButtonTwoInit                            0x00000a61   Thumb Code   202  os.o(i.ButtonTwoInit)
    Consumer                                 0x00000b51   Thumb Code   166  main.o(i.Consumer)
    CrossHair_Init                           0x00000c09   Thumb Code    20  main.o(i.CrossHair_Init)
    GPIOPortD_Handler                        0x00000c95   Thumb Code   102  os.o(i.GPIOPortD_Handler)
    GetNumberOfWaitingThreads                0x00000d19   Thumb Code     6  os.o(i.GetNumberOfWaitingThreads)
    GetScoreSound                            0x00000d21   Thumb Code    36  sound.o(i.GetScoreSound)
    InitTimer1A                              0x00000d49   Thumb Code   124  os.o(i.InitTimer1A)
    InitTimer2A                              0x00000dd5   Thumb Code   122  os.o(i.InitTimer2A)
    InitTimer3A                              0x00000e61   Thumb Code   118  os.o(i.InitTimer3A)
    InitTimer4A                              0x00000ee9   Thumb Code   122  os.o(i.InitTimer4A)
    OS_AddPeriodicThread                     0x00000f75   Thumb Code    54  os.o(i.OS_AddPeriodicThread)
    OS_AddSW1Task                            0x00000fb9   Thumb Code    20  os.o(i.OS_AddSW1Task)
    OS_AddSW2Task                            0x00000fd1   Thumb Code    20  os.o(i.OS_AddSW2Task)
    OS_AddThread                             0x00000fe9   Thumb Code   366  os.o(i.OS_AddThread)
    OS_ClearMsTime                           0x00001169   Thumb Code     8  os.o(i.OS_ClearMsTime)
    OS_FreePt                                0x00001175   Thumb Code    46  os.o(i.OS_FreePt)
    OS_Id                                    0x000011a9   Thumb Code     8  os.o(i.OS_Id)
    OS_Init                                  0x000011b5   Thumb Code    78  os.o(i.OS_Init)
    OS_InitSemaphore                         0x00001211   Thumb Code    22  os.o(i.OS_InitSemaphore)
    OS_InitSemaphores                        0x00001229   Thumb Code    62  os.o(i.OS_InitSemaphores)
    OS_Kill                                  0x0000126d   Thumb Code   112  os.o(i.OS_Kill)
    OS_Launch                                0x000012e9   Thumb Code    22  os.o(i.OS_Launch)
    OS_MsTime                                0x00001301   Thumb Code     6  os.o(i.OS_MsTime)
    OS_Signal                                0x0000130d   Thumb Code    32  os.o(i.OS_Signal)
    OS_Sleep                                 0x00001331   Thumb Code    28  os.o(i.OS_Sleep)
    OS_Suspend                               0x00001351   Thumb Code    18  os.o(i.OS_Suspend)
    OS_Wait                                  0x00001369   Thumb Code    64  os.o(i.OS_Wait)
    OS_bSignal1                              0x000013ad   Thumb Code    42  os.o(i.OS_bSignal1)
    OS_nWait                                 0x000013dd   Thumb Code   100  os.o(i.OS_nWait)
    PLL_Init                                 0x00001445   Thumb Code   120  pll.o(i.PLL_Init)
    PlayGameOverSound                        0x000014c1   Thumb Code    58  sound.o(i.PlayGameOverSound)
    PlaySound                                0x00001509   Thumb Code    32  sound.o(i.PlaySound)
    Producer                                 0x00001535   Thumb Code   228  main.o(i.Producer)
    RxFifo_Get                               0x00001625   Thumb Code    56  fifo.o(i.RxFifo_Get)
    RxFifo_Init                              0x00001669   Thumb Code    26  fifo.o(i.RxFifo_Init)
    RxFifo_Put                               0x00001691   Thumb Code    58  fifo.o(i.RxFifo_Put)
    Rx_UARTFifo_Put                          0x000016d9   Thumb Code    52  uart_fifo.o(i.Rx_UARTFifo_Put)
    Rx_UARTFifo_Size                         0x0000171d   Thumb Code    42  uart_fifo.o(i.Rx_UARTFifo_Size)
    SW1Push                                  0x000017c5   Thumb Code   142  main.o(i.SW1Push)
    SW2Push                                  0x00001865   Thumb Code   170  main.o(i.SW2Push)
    Scheduler                                0x00001931   Thumb Code    92  os.o(i.Scheduler)
    SetInitialStack                          0x00001995   Thumb Code   328  os.o(i.SetInitialStack)
    Sound_Init                               0x00001ae5   Thumb Code   194  sound.o(i.Sound_Init)
    StopSound                                0x00001bc5   Thumb Code    14  sound.o(i.StopSound)
    Timer1A_Handler                          0x00001bd9   Thumb Code    16  os.o(i.Timer1A_Handler)
    Timer2A_Handler                          0x00001bf1   Thumb Code   172  os.o(i.Timer2A_Handler)
    Timer3A_Handler                          0x00001ca9   Thumb Code     8  os.o(i.Timer3A_Handler)
    Timer4A_Handler                          0x00001cb5   Thumb Code    16  os.o(i.Timer4A_Handler)
    Tx_UARTFifo_Get                          0x00001ccd   Thumb Code    54  uart_fifo.o(i.Tx_UARTFifo_Get)
    Tx_UARTFifo_Size                         0x00001d15   Thumb Code    14  uart_fifo.o(i.Tx_UARTFifo_Size)
    UART0_Handler                            0x00001d2d   Thumb Code    82  uart.o(i.UART0_Handler)
    Updater                                  0x00001d85   Thumb Code   430  main.o(i.Updater)
    __0sprintf$1                             0x00001f81   Thumb Code    34  printf1.o(i.__0sprintf$1)
    __1sprintf$1                             0x00001f81   Thumb Code     0  printf1.o(i.__0sprintf$1)
    __2sprintf                               0x00001f81   Thumb Code     0  printf1.o(i.__0sprintf$1)
    __scatterload_copy                       0x00001fa9   Thumb Code    14  handlers.o(i.__scatterload_copy)
    __scatterload_null                       0x00001fb7   Thumb Code     2  handlers.o(i.__scatterload_null)
    __scatterload_zeroinit                   0x00001fb9   Thumb Code    14  handlers.o(i.__scatterload_zeroinit)
    addTile                                  0x00002175   Thumb Code   536  main.o(i.addTile)
    addToList                                0x000023ad   Thumb Code    38  os.o(i.addToList)
    checkSemaPt                              0x000023d5   Thumb Code    50  os.o(i.checkSemaPt)
    init_lfsr                                0x00002769   Thumb Code    18  main.o(i.init_lfsr)
    isInList                                 0x00002789   Thumb Code    36  os.o(i.isInList)
    main                                     0x000027ad   Thumb Code    60  main.o(i.main)
    next_rand                                0x000027f5   Thumb Code    36  main.o(i.next_rand)
    panel                                    0x00002829   Thumb Code   212  main.o(i.panel)
    read_adc_value                           0x00002961   Thumb Code   212  main.o(i.read_adc_value)
    removeFromList                           0x00002a49   Thumb Code    68  os.o(i.removeFromList)
    score                                    0x00002a8d   Thumb Code    98  os.o(i.score)
    settings                                 0x00002b6d   Thumb Code   382  main.o(i.settings)
    shift_lfsr                               0x00002d79   Thumb Code    20  main.o(i.shift_lfsr)
    start                                    0x00002d8d   Thumb Code    48  main.o(i.start)
    stop                                     0x00002dd5   Thumb Code    52  main.o(i.stop)
    update                                   0x00002e1d   Thumb Code   140  main.o(i.update)
    GameOverTune                             0x000034c0   Data          28  sound.o(.constdata)
    Region$$Table$$Base                      0x000034dc   Number         0  anon$$obj.o(Region$$Table)
    Region$$Table$$Limit                     0x000034fc   Number         0  anon$$obj.o(Region$$Table)
    RxPutPt                                  0x20000000   Data           4  fifo.o(.data)
    RxGetPt                                  0x20000004   Data           4  fifo.o(.data)
    StX                                      0x20000008   Data           4  lcd.o(.data)
    StY                                      0x2000000c   Data           4  lcd.o(.data)
    StTextColor                              0x20000010   Data           2  lcd.o(.data)
    Messageindex                             0x20000018   Data           4  lcd.o(.data)
    TimeIndex                                0x2000001c   Data           4  lcd.o(.data)
    Ymax                                     0x20000020   Data           4  lcd.o(.data)
    Ymin                                     0x20000024   Data           4  lcd.o(.data)
    Yrange                                   0x20000028   Data           4  lcd.o(.data)
    PlotBGColor                              0x2000002c   Data           2  lcd.o(.data)
    state                                    0x20000030   Data           4  main.o(.data)
    origin                                   0x20000034   Data           4  main.o(.data)
    x                                        0x20000038   Data           2  main.o(.data)
    y                                        0x2000003a   Data           2  main.o(.data)
    prevx                                    0x2000003c   Data           2  main.o(.data)
    prevy                                    0x2000003e   Data           2  main.o(.data)
    select                                   0x20000040   Data           1  main.o(.data)
    cubeCount                                0x20000044   Data           4  main.o(.data)
    game_type                                0x20000048   Data           4  main.o(.data)
    game_mode                                0x2000004c   Data           4  main.o(.data)
    p_game_type                              0x20000050   Data           4  main.o(.data)
    p_game_mode                              0x20000054   Data           4  main.o(.data)
    selector                                 0x20000058   Data           4  main.o(.data)
    sound                                    0x2000005c   Data           4  main.o(.data)
    oneOff_0                                 0x20000060   Data           4  main.o(.data)
    oneOff_1                                 0x20000064   Data           4  main.o(.data)
    oneOff_2                                 0x20000068   Data           4  main.o(.data)
    nrounds                                  0x2000006c   Data           4  main.o(.data)
    mainY                                    0x20000070   Data           4  main.o(.data)
    mainX                                    0x20000074   Data           4  main.o(.data)
    db_sw1                                   0x20000078   Data           4  main.o(.data)
    db_sw2                                   0x2000007c   Data           4  main.o(.data)
    HighScore                                0x20000080   Data           4  main.o(.data)
    scores                                   0x20000084   Data           4  main.o(.data)
    Count                                    0x20000088   Data           4  main.o(.data)
    colors                                   0x2000008c   Data          40  main.o(.data)
    lfsr32                                   0x200000b4   Data           4  main.o(.data)
    lfsr31                                   0x200000b8   Data           4  main.o(.data)
    tt                                       0x200000bc   Data           4  main.o(.data)
    cc                                       0x200000c0   Data           4  main.o(.data)
    xv                                       0x200000c4   Data           4  main.o(.data)
    PeriodicTask1                            0x200000c8   Data           4  os.o(.data)
    PeriodicTask2                            0x200000cc   Data           4  os.o(.data)
    ButtonOneTask                            0x200000d0   Data           4  os.o(.data)
    ButtonTwoTask                            0x200000d4   Data           4  os.o(.data)
    RunPt                                    0x200000d8   Data           4  os.o(.data)
    ccc                                      0x200000e0   Data           4  os.o(.data)
    Tx_UARTPutI                              0x200000f4   Data           4  uart_fifo.o(.data)
    Tx_UARTGetI                              0x200000f8   Data           4  uart_fifo.o(.data)
    Rx_UARTPutPt                             0x200000fc   Data           4  uart_fifo.o(.data)
    Rx_UARTGetPt                             0x20000100   Data           4  uart_fifo.o(.data)
    Message                                  0x2000017c   Data          12  lcd.o(.bss)
    LCDFree                                  0x20000188   Data          72  os.o(.bss)
    CubeCnt                                  0x200001d0   Data          72  os.o(.bss)
    tcbs                                     0x20000218   Data        1200  os.o(.bss)
    Stacks                                   0x200006c8   Data        8000  os.o(.bss)
    semaArray                                0x20002608   Data        2592  os.o(.bss)
    Tx_UARTRoomType                          0x20003038   Data          72  uart_fifo.o(.bss)
    Rx_UARTDataAvailable                     0x2000308c   Data          72  uart_fifo.o(.bss)
    __initial_sp                             0x200034d8   Data           0  startup.o(STACK)



==============================================================================

Memory Map of the image

  Image Entry point : 0x0000026d

  Load Region LR_1 (Base: 0x00000000, Size: 0x00003600, Max: 0xffffffff, ABSOLUTE)

    Execution Region ER_RO (Exec base: 0x00000000, Load base: 0x00000000, Size: 0x000034fc, Max: 0xffffffff, ABSOLUTE)

    Exec Addr    Load Addr    Size         Type   Attr      Idx    E Section Name        Object

    0x00000000   0x00000000   0x00000284   Code   RO          766  * RESET               startup.o
    0x00000284   0x00000284   0x00000000   Code   RO          958  * .ARM.Collect$$$$00000000  mc_w.l(entry.o)
    0x00000284   0x00000284   0x00000004   Code   RO         1222    .ARM.Collect$$$$00000001  mc_w.l(entry2.o)
    0x00000288   0x00000288   0x00000004   Code   RO         1225    .ARM.Collect$$$$00000004  mc_w.l(entry5.o)
    0x0000028c   0x0000028c   0x00000000   Code   RO         1227    .ARM.Collect$$$$00000008  mc_w.l(entry7b.o)
    0x0000028c   0x0000028c   0x00000000   Code   RO         1229    .ARM.Collect$$$$0000000A  mc_w.l(entry8b.o)
    0x0000028c   0x0000028c   0x00000008   Code   RO         1230    .ARM.Collect$$$$0000000B  mc_w.l(entry9a.o)
    0x00000294   0x00000294   0x00000004   Code   RO         1237    .ARM.Collect$$$$0000000E  mc_w.l(entry12b.o)
    0x00000298   0x00000298   0x00000000   Code   RO         1232    .ARM.Collect$$$$0000000F  mc_w.l(entry10a.o)
    0x00000298   0x00000298   0x00000000   Code   RO         1234    .ARM.Collect$$$$00000011  mc_w.l(entry11a.o)
    0x00000298   0x00000298   0x00000004   Code   RO         1223    .ARM.Collect$$$$00002712  mc_w.l(entry2.o)
    0x0000029c   0x0000029c   0x00000006   Code   RO           69    .emb_text           lcd.o
    0x000002a2   0x000002a2   0x00000002   PAD
    0x000002a4   0x000002a4   0x0000001c   Code   RO          767    .text               startup.o
    0x000002c0   0x000002c0   0x00000054   Code   RO          916    .text               osasm.o
    0x00000314   0x00000314   0x0000002c   Code   RO         1241    .text               mc_w.l(uidiv.o)
    0x00000340   0x00000340   0x00000024   Code   RO         1256    .text               mc_w.l(init.o)
    0x00000364   0x00000364   0x00000016   Code   RO           70    i.BSP_Delay1ms      lcd.o
    0x0000037a   0x0000037a   0x00000002   PAD
    0x0000037c   0x0000037c   0x00000130   Code   RO           43    i.BSP_Joystick_Init  joystick.o
    0x000004ac   0x000004ac   0x00000038   Code   RO           44    i.BSP_Joystick_Input  joystick.o
    0x000004e4   0x000004e4   0x00000110   Code   RO           73    i.BSP_LCD_DrawChar  lcd.o
    0x000005f4   0x000005f4   0x00000026   Code   RO           75    i.BSP_LCD_DrawCrosshair  lcd.o
    0x0000061a   0x0000061a   0x00000002   PAD
    0x0000061c   0x0000061c   0x0000007c   Code   RO           76    i.BSP_LCD_DrawFastHLine  lcd.o
    0x00000698   0x00000698   0x0000007c   Code   RO           77    i.BSP_LCD_DrawFastVLine  lcd.o
    0x00000714   0x00000714   0x00000054   Code   RO           79    i.BSP_LCD_DrawString  lcd.o
    0x00000768   0x00000768   0x000000ac   Code   RO           81    i.BSP_LCD_FillRect  lcd.o
    0x00000814   0x00000814   0x00000024   Code   RO           82    i.BSP_LCD_FillScreen  lcd.o
    0x00000838   0x00000838   0x0000000a   Code   RO           83    i.BSP_LCD_Init      lcd.o
    0x00000842   0x00000842   0x00000002   PAD
    0x00000844   0x00000844   0x0000007c   Code   RO           84    i.BSP_LCD_Message   lcd.o
    0x000008c0   0x000008c0   0x00000088   Code   RO           86    i.BSP_LCD_OutUDec4  lcd.o
    0x00000948   0x00000948   0x00000020   Code   RO           92    i.BSP_LCD_SetCursor  lcd.o
    0x00000968   0x00000968   0x00000018   Code   RO           93    i.BSP_LCD_String    lcd.o
    0x00000980   0x00000980   0x000000e0   Code   RO          456    i.ButtonOneInit     os.o
    0x00000a60   0x00000a60   0x000000f0   Code   RO          457    i.ButtonTwoInit     os.o
    0x00000b50   0x00000b50   0x000000b8   Code   RO          317    i.Consumer          main.o
    0x00000c08   0x00000c08   0x0000001c   Code   RO          318    i.CrossHair_Init    main.o
    0x00000c24   0x00000c24   0x00000038   Code   RO          458    i.DebouncePD6       os.o
    0x00000c5c   0x00000c5c   0x00000038   Code   RO          459    i.DebouncePD7       os.o
    0x00000c94   0x00000c94   0x00000084   Code   RO          460    i.GPIOPortD_Handler  os.o
    0x00000d18   0x00000d18   0x00000006   Code   RO          461    i.GetNumberOfWaitingThreads  os.o
    0x00000d1e   0x00000d1e   0x00000002   PAD
    0x00000d20   0x00000d20   0x00000028   Code   RO          919    i.GetScoreSound     sound.o
    0x00000d48   0x00000d48   0x0000008c   Code   RO          462    i.InitTimer1A       os.o
    0x00000dd4   0x00000dd4   0x0000008c   Code   RO          463    i.InitTimer2A       os.o
    0x00000e60   0x00000e60   0x00000088   Code   RO          464    i.InitTimer3A       os.o
    0x00000ee8   0x00000ee8   0x0000008c   Code   RO          465    i.InitTimer4A       os.o
    0x00000f74   0x00000f74   0x00000044   Code   RO          466    i.OS_AddPeriodicThread  os.o
    0x00000fb8   0x00000fb8   0x00000018   Code   RO          467    i.OS_AddSW1Task     os.o
    0x00000fd0   0x00000fd0   0x00000018   Code   RO          468    i.OS_AddSW2Task     os.o
    0x00000fe8   0x00000fe8   0x00000180   Code   RO          469    i.OS_AddThread      os.o
    0x00001168   0x00001168   0x0000000c   Code   RO          470    i.OS_ClearMsTime    os.o
    0x00001174   0x00001174   0x00000034   Code   RO          471    i.OS_FreePt         os.o
    0x000011a8   0x000011a8   0x0000000c   Code   RO          472    i.OS_Id             os.o
    0x000011b4   0x000011b4   0x0000005c   Code   RO          473    i.OS_Init           os.o
    0x00001210   0x00001210   0x00000016   Code   RO          474    i.OS_InitSemaphore  os.o
    0x00001226   0x00001226   0x00000002   PAD
    0x00001228   0x00001228   0x00000044   Code   RO          475    i.OS_InitSemaphores  os.o
    0x0000126c   0x0000126c   0x0000007c   Code   RO          476    i.OS_Kill           os.o
    0x000012e8   0x000012e8   0x00000016   Code   RO          477    i.OS_Launch         os.o
    0x000012fe   0x000012fe   0x00000002   PAD
    0x00001300   0x00001300   0x0000000c   Code   RO          478    i.OS_MsTime         os.o
    0x0000130c   0x0000130c   0x00000024   Code   RO          479    i.OS_Signal         os.o
    0x00001330   0x00001330   0x00000020   Code   RO          480    i.OS_Sleep          os.o
    0x00001350   0x00001350   0x00000018   Code   RO          481    i.OS_Suspend        os.o
    0x00001368   0x00001368   0x00000044   Code   RO          484    i.OS_Wait           os.o
    0x000013ac   0x000013ac   0x00000030   Code   RO          486    i.OS_bSignal1       os.o
    0x000013dc   0x000013dc   0x00000068   Code   RO          488    i.OS_nWait          os.o
    0x00001444   0x00001444   0x0000007c   Code   RO          740    i.PLL_Init          pll.o
    0x000014c0   0x000014c0   0x00000048   Code   RO          920    i.PlayGameOverSound  sound.o
    0x00001508   0x00001508   0x0000002c   Code   RO          921    i.PlaySound         sound.o
    0x00001534   0x00001534   0x000000f0   Code   RO          320    i.Producer          main.o
    0x00001624   0x00001624   0x00000044   Code   RO            1    i.RxFifo_Get        fifo.o
    0x00001668   0x00001668   0x00000028   Code   RO            2    i.RxFifo_Init       fifo.o
    0x00001690   0x00001690   0x00000048   Code   RO            3    i.RxFifo_Put        fifo.o
    0x000016d8   0x000016d8   0x00000044   Code   RO          860    i.Rx_UARTFifo_Put   uart_fifo.o
    0x0000171c   0x0000171c   0x00000034   Code   RO          861    i.Rx_UARTFifo_Size  uart_fifo.o
    0x00001750   0x00001750   0x00000074   Code   RO           96    i.ST7735_InitR      lcd.o
    0x000017c4   0x000017c4   0x000000a0   Code   RO          321    i.SW1Push           main.o
    0x00001864   0x00001864   0x000000cc   Code   RO          322    i.SW2Push           main.o
    0x00001930   0x00001930   0x00000064   Code   RO          489    i.Scheduler         os.o
    0x00001994   0x00001994   0x00000150   Code   RO          490    i.SetInitialStack   os.o
    0x00001ae4   0x00001ae4   0x000000e0   Code   RO          922    i.Sound_Init        sound.o
    0x00001bc4   0x00001bc4   0x00000014   Code   RO          923    i.StopSound         sound.o
    0x00001bd8   0x00001bd8   0x00000018   Code   RO          491    i.Timer1A_Handler   os.o
    0x00001bf0   0x00001bf0   0x000000b8   Code   RO          492    i.Timer2A_Handler   os.o
    0x00001ca8   0x00001ca8   0x0000000c   Code   RO          493    i.Timer3A_Handler   os.o
    0x00001cb4   0x00001cb4   0x00000018   Code   RO          494    i.Timer4A_Handler   os.o
    0x00001ccc   0x00001ccc   0x00000048   Code   RO          862    i.Tx_UARTFifo_Get   uart_fifo.o
    0x00001d14   0x00001d14   0x00000018   Code   RO          865    i.Tx_UARTFifo_Size  uart_fifo.o
    0x00001d2c   0x00001d2c   0x00000058   Code   RO          774    i.UART0_Handler     uart.o
    0x00001d84   0x00001d84   0x000001fc   Code   RO          323    i.Updater           main.o
    0x00001f80   0x00001f80   0x00000028   Code   RO         1008    i.__0sprintf$1      mc_w.l(printf1.o)
    0x00001fa8   0x00001fa8   0x0000000e   Code   RO         1270    i.__scatterload_copy  mc_w.l(handlers.o)
    0x00001fb6   0x00001fb6   0x00000002   Code   RO         1271    i.__scatterload_null  mc_w.l(handlers.o)
    0x00001fb8   0x00001fb8   0x0000000e   Code   RO         1272    i.__scatterload_zeroinit  mc_w.l(handlers.o)
    0x00001fc6   0x00001fc6   0x00000002   PAD
    0x00001fc8   0x00001fc8   0x00000154   Code   RO         1013    i._printf_core      mc_w.l(printf1.o)
    0x0000211c   0x0000211c   0x0000000a   Code   RO         1015    i._sputc            mc_w.l(printf1.o)
    0x00002126   0x00002126   0x00000002   PAD
    0x00002128   0x00002128   0x0000004c   Code   RO           45    i.adcinit           joystick.o
    0x00002174   0x00002174   0x00000238   Code   RO          324    i.addTile           main.o
    0x000023ac   0x000023ac   0x00000026   Code   RO          495    i.addToList         os.o
    0x000023d2   0x000023d2   0x00000002   PAD
    0x000023d4   0x000023d4   0x00000038   Code   RO          496    i.checkSemaPt       os.o
    0x0000240c   0x0000240c   0x00000056   Code   RO           97    i.commandList       lcd.o
    0x00002462   0x00002462   0x00000002   PAD
    0x00002464   0x00002464   0x00000204   Code   RO           98    i.commonInit        lcd.o
    0x00002668   0x00002668   0x00000028   Code   RO          784    i.copyHardwareToSoftware  uart.o
    0x00002690   0x00002690   0x0000002c   Code   RO          785    i.copySoftwareToHardware  uart.o
    0x000026bc   0x000026bc   0x00000048   Code   RO           99    i.fillmessage       lcd.o
    0x00002704   0x00002704   0x00000064   Code   RO          102    i.fillmessage4      lcd.o
    0x00002768   0x00002768   0x00000020   Code   RO          325    i.init_lfsr         main.o
    0x00002788   0x00002788   0x00000024   Code   RO          498    i.isInList          os.o
    0x000027ac   0x000027ac   0x00000048   Code   RO          326    i.main              main.o
    0x000027f4   0x000027f4   0x00000034   Code   RO          327    i.next_rand         main.o
    0x00002828   0x00002828   0x00000124   Code   RO          328    i.panel             main.o
    0x0000294c   0x0000294c   0x00000012   Code   RO          104    i.pushColor         lcd.o
    0x0000295e   0x0000295e   0x00000002   PAD
    0x00002960   0x00002960   0x000000e8   Code   RO          329    i.read_adc_value    main.o
    0x00002a48   0x00002a48   0x00000044   Code   RO          499    i.removeFromList    os.o
    0x00002a8c   0x00002a8c   0x0000006c   Code   RO          500    i.score             os.o
    0x00002af8   0x00002af8   0x00000074   Code   RO          106    i.setAddrWindow     lcd.o
    0x00002b6c   0x00002b6c   0x0000020c   Code   RO          330    i.settings          main.o
    0x00002d78   0x00002d78   0x00000014   Code   RO          331    i.shift_lfsr        main.o
    0x00002d8c   0x00002d8c   0x00000048   Code   RO          332    i.start             main.o
    0x00002dd4   0x00002dd4   0x00000048   Code   RO          333    i.stop              main.o
    0x00002e1c   0x00002e1c   0x00000098   Code   RO          334    i.update            main.o
    0x00002eb4   0x00002eb4   0x00000048   Code   RO          107    i.writecommand      lcd.o
    0x00002efc   0x00002efc   0x00000048   Code   RO          108    i.writedata         lcd.o
    0x00002f44   0x00002f44   0x0000057b   Data   RO          110    .constdata          lcd.o
    0x000034bf   0x000034bf   0x00000001   PAD
    0x000034c0   0x000034c0   0x0000001c   Data   RO          924    .constdata          sound.o
    0x000034dc   0x000034dc   0x00000020   Data   RO         1268    Region$$Table       anon$$obj.o


    Execution Region ER_RW (Exec base: 0x20000000, Load base: 0x000034fc, Size: 0x00000104, Max: 0xffffffff, ABSOLUTE)

    Exec Addr    Load Addr    Size         Type   Attr      Idx    E Section Name        Object

    0x20000000   0x000034fc   0x00000008   Data   RW            6    .data               fifo.o
    0x20000008   0x00003504   0x00000026   Data   RW          111    .data               lcd.o
    0x2000002e   0x0000352a   0x00000002   PAD
    0x20000030   0x0000352c   0x00000098   Data   RW          336    .data               main.o
    0x200000c8   0x000035c4   0x0000002a   Data   RW          502    .data               os.o
    0x200000f2   0x000035ee   0x00000002   PAD
    0x200000f4   0x000035f0   0x00000010   Data   RW          867    .data               uart_fifo.o


    Execution Region ER_ZI (Exec base: 0x20000104, Load base: 0x00003600, Size: 0x000033d4, Max: 0xffffffff, ABSOLUTE)

    Exec Addr    Load Addr    Size         Type   Attr      Idx    E Section Name        Object

    0x20000104        -       0x00000078   Zero   RW            5    .bss                fifo.o
    0x2000017c        -       0x0000000c   Zero   RW          109    .bss                lcd.o
    0x20000188        -       0x00002ea0   Zero   RW          501    .bss                os.o
    0x20003028        -       0x000000ac   Zero   RW          866    .bss                uart_fifo.o
    0x200030d4   0x00003600   0x00000004   PAD
    0x200030d8        -       0x00000400   Zero   RW          764    STACK               startup.o


==============================================================================

Image component sizes


      Code (inc. data)   RO Data    RW Data    ZI Data      Debug   Object Name

       180         40          0          8        120       8974   fifo.o
       436         62          0          0          0       2101   joystick.o
      2372        224       1403         38         12      16854   lcd.o
      3412        540          0        152          0      14198   main.o
      3484        380          0         42      11936      25227   os.o
        84          6          0          0          0        288   osasm.o
       124          4          0          0          0        495   pll.o
       400         66         28          0          0       3304   sound.o
       672        622          0          0       1024       1036   startup.o
       172         16          0          0          0       1784   uart.o
       216         54          0         16        172       3407   uart_fifo.o

    ----------------------------------------------------------------------
     11572       2014       1464        260      13268      77668   Object Totals
         0          0         32          0          0          0   (incl. Generated)
        20          0          1          4          4          0   (incl. Padding)

    ----------------------------------------------------------------------

      Code (inc. data)   RO Data    RW Data    ZI Data      Debug   Library Member Name

         0          0          0          0          0          0   entry.o
         0          0          0          0          0          0   entry10a.o
         0          0          0          0          0          0   entry11a.o
         4          0          0          0          0          0   entry12b.o
         8          4          0          0          0          0   entry2.o
         4          0          0          0          0          0   entry5.o
         0          0          0          0          0          0   entry7b.o
         0          0          0          0          0          0   entry8b.o
         8          4          0          0          0          0   entry9a.o
        30          0          0          0          0          0   handlers.o
        36          8          0          0          0         68   init.o
       390         10          0          0          0        252   printf1.o
        44          0          0          0          0         80   uidiv.o

    ----------------------------------------------------------------------
       528         26          0          0          0        400   Library Totals
         4          0          0          0          0          0   (incl. Padding)

    ----------------------------------------------------------------------

      Code (inc. data)   RO Data    RW Data    ZI Data      Debug   Library Name

       524         26          0          0          0        400   mc_w.l

    ----------------------------------------------------------------------
       528         26          0          0          0        400   Library Totals

    ----------------------------------------------------------------------

==============================================================================


      Code (inc. data)   RO Data    RW Data    ZI Data      Debug   

     12100       2040       1464        260      13268      73124   Grand Totals
     12100       2040       1464        260      13268      73124   ELF Image Totals
     12100       2040       1464        260          0          0   ROM Totals

==============================================================================

    Total RO  Size (Code + RO Data)                13564 (  13.25kB)
    Total RW  Size (RW Data + ZI Data)             13528 (  13.21kB)
    Total ROM Size (Code + RO Data + RW Data)      13824 (  13.50kB)

==============================================================================

